Archive member included because of file (symbol)

../../ecrobot/../ecrobot/libecrobot.a(ecrobot_interface.o)
                              build/Driver_glue.o (ecrobot_set_light_sensor_active)
../../ecrobot/../ecrobot/libecrobot.a(colorsensor.o)
                              ../../ecrobot/../ecrobot/libecrobot.a(ecrobot_interface.o) (colorsensor_init)
../../ecrobot/../ecrobot/libecrobot.a(osek_hook.o)
                              build/kernel/osctl.o (StartupHook)
../../ecrobot/../ecrobot/libecrobot.a(uart.oram)
                              build/config/at91sam7s-gnu/irq.oram (uart_isr_C_0)
../../ecrobot/../ecrobot/libecrobot.a(systick.oram)
                              build/syslib/at91sam7s-gnu/lego_nxt/hw_sys_timer.oram (systick_low_priority_C)
../../ecrobot/../ecrobot/libecrobot.a(byte_fifo.oram)
                              ../../ecrobot/../ecrobot/libecrobot.a(uart.oram) (byte_fifo_put)
../../ecrobot/../ecrobot/libecrobot.a(aic.oram)
                              ../../ecrobot/../ecrobot/libecrobot.a(uart.oram) (aic_set_vector)
../../ecrobot/../ecrobot/libecrobot.a(udp.oram)
                              build/config/at91sam7s-gnu/irq.oram (udp_isr_C)
../../ecrobot/../ecrobot/libecrobot.a(twi.oram)
                              build/config/at91sam7s-gnu/irq.oram (twi_isr_C)
../../ecrobot/../ecrobot/libecrobot.a(nxt_spi.oram)
                              build/config/at91sam7s-gnu/irq.oram (spi_isr_C)
../../ecrobot/../ecrobot/libecrobot.a(nxt_motors.oram)
                              build/Driver_glue.o (nxt_motor_get_count)
../../ecrobot/../ecrobot/libecrobot.a(data_abort.oram)
                              build/ecrobot_init.o (data_abort_C)
../../ecrobot/../ecrobot/libecrobot.a(display.oram)
                              build/ecrobot_base.o (display_update)
../../ecrobot/../ecrobot/libecrobot.a(i2c.oram)
                              build/config/at91sam7s-gnu/irq.oram (i2c_timer_isr_C)
../../ecrobot/../ecrobot/libecrobot.a(sound.oram)
                              ../../ecrobot/../ecrobot/libecrobot.a(ecrobot_interface.o) (sound_get_time)
../../ecrobot/../ecrobot/libecrobot.a(bt.oram)
                              build/ecrobot_bluetooth.o (bt_send)
../../ecrobot/../ecrobot/libecrobot.a(nxt_avr.oram)
                              build/ecrobot_base.o (nxt_avr_power_down)
../../ecrobot/../ecrobot/libecrobot.a(sensors.oram)
                              ../../ecrobot/../ecrobot/libecrobot.a(ecrobot_interface.o) (unset_digi0)
../../ecrobot/../ecrobot/libecrobot.a(sensors1.oram)
                              ../../ecrobot/../ecrobot/libecrobot.a(colorsensor.o) (sensor_pins)
../../ecrobot/../ecrobot/libecrobot.a(nxt_lcd.oram)
                              ../../ecrobot/../ecrobot/libecrobot.a(display.oram) (nxt_lcd_force_update)
../../ecrobot/../ecrobot/libecrobot.a(flash_loader.oram)
                              build/ecrobot_base.o (set_flash_request)
../../ecrobot/../ecrobot/libecrobot.a(interrupts.oram)
                              ../../ecrobot/../ecrobot/libecrobot.a(uart.oram) (interrupts_get_and_disable)
../../ecrobot/../ecrobot/libecrobot.a(nxtosek_splash.obmp)
                              build/ecrobot_base.o (nxtosek_splash_bmp_start)
../../ecrobot/../ecrobot/libecrobot.a(ecrobot_usb.o)
                              ../../ecrobot/../ecrobot/libecrobot.a(flash_loader.oram) (ecrobot_init_usb)
../../ecrobot/../ecrobot/libecrobot.a(flashprog.oram)
                              ../../ecrobot/../ecrobot/libecrobot.a(flash_loader.oram) (flash_write_page)
/cygdrive/C/cygwin/GNUARM/bin/../lib/gcc/arm-elf/4.0.2/thumb/interwork/libgcc.a(_udivsi3.o)
                              build/ecrobot_base.o (__udivsi3)
/cygdrive/C/cygwin/GNUARM/bin/../lib/gcc/arm-elf/4.0.2/thumb/interwork/libgcc.a(_divsi3.o)
                              ../../ecrobot/../ecrobot/libecrobot.a(uart.oram) (__divsi3)
/cygdrive/C/cygwin/GNUARM/bin/../lib/gcc/arm-elf/4.0.2/thumb/interwork/libgcc.a(_umodsi3.o)
                              ../../ecrobot/../ecrobot/libecrobot.a(display.oram) (__umodsi3)
/cygdrive/C/cygwin/GNUARM/bin/../lib/gcc/arm-elf/4.0.2/thumb/interwork/libgcc.a(_modsi3.o)
                              ../../ecrobot/../ecrobot/libecrobot.a(sound.oram) (__modsi3)
/cygdrive/C/cygwin/GNUARM/bin/../lib/gcc/arm-elf/4.0.2/thumb/interwork/libgcc.a(_dvmd_tls.o)
                              /cygdrive/C/cygwin/GNUARM/bin/../lib/gcc/arm-elf/4.0.2/thumb/interwork/libgcc.a(_udivsi3.o) (__div0)
/cygdrive/C/cygwin/GNUARM/bin/../lib/gcc/arm-elf/4.0.2/thumb/interwork/libgcc.a(_addsubdf3.o)
                              build/./Driver/Driver_Robot.o (__subdf3)
/cygdrive/C/cygwin/GNUARM/bin/../lib/gcc/arm-elf/4.0.2/thumb/interwork/libgcc.a(_muldivdf3.o)
                              build/./Driver/Driver_Robot.o (__muldf3)
/cygdrive/C/cygwin/GNUARM/bin/../lib/gcc/arm-elf/4.0.2/thumb/interwork/libgcc.a(_cmpdf2.o)
                              build/./Driver/Driver_Robot.o (__gtdf2)
[...]
Memory Configuration

Name             Origin             Length             Attributes
vector_ram       0x00200000         0x00000040
ram              0x00200040         0x0000ffc0
*default*        0x00000000         0xffffffff

Linker script and memory map

LOAD build/kernel/alarm.o
LOAD build/kernel/event.o
LOAD build/kernel/interrupt.o
LOAD build/kernel/osctl.o
LOAD build/kernel/resource.o
LOAD build/kernel/task.o
LOAD build/kernel/task_manage.o
LOAD build/config/at91sam7s-gnu/cpu_config.o
LOAD build/config/at91sam7s-gnu/lego_nxt/sys_config.o
LOAD build/./kernel_cfg.o
LOAD build/syscalls.o
LOAD build/ecrobot_bluetooth.o
LOAD build/ecrobot_base.o
LOAD build/ecrobot.o
LOAD build/./Driver/Driver_Robot.o
LOAD build/./Driver/Driver_Robot_context.o
LOAD build/./Driver/Driver_Robot_inputs.o
LOAD build/./Driver/Driver_Robot_outputs.o
LOAD build/./Driver/kcg_consts.o
LOAD build/./Driver/kcg_types.o
LOAD build/Driver_glue.o
LOAD build/syslib/at91sam7s-gnu/lego_nxt/hw_sys_timer.oram
LOAD build/nxtvm/platform/nxt/vectors.o
LOAD build/config/at91sam7s-gnu/debug.o
LOAD build/config/at91sam7s-gnu/lego_nxt/sys_support.o
LOAD build/nxt_binary_header.o
LOAD build/nxt_entry_point.o
LOAD build/ecrobot_init.o
LOAD build/config/at91sam7s-gnu/cpu_support.oram
LOAD build/config/at91sam7s-gnu/irq.oram
LOAD ../../ecrobot/../c++/liblejososek.a
LOAD ../../ecrobot/../ecrobot/libecrobot.a
LOAD /cygdrive/C/cygwin/GNUARM/bin/../lib/gcc/arm-elf/4.0.2/../../../../arm-elf/lib/thumb/interwork/libstdc++.a
LOAD /cygdrive/C/cygwin/GNUARM/bin/../lib/gcc/arm-elf/4.0.2/../../../../arm-elf/lib/thumb/interwork/libm.a
LOAD /cygdrive/C/cygwin/GNUARM/bin/../lib/gcc/arm-elf/4.0.2/thumb/interwork/libgcc.a
LOAD /cygdrive/C/cygwin/GNUARM/bin/../lib/gcc/arm-elf/4.0.2/../../../../arm-elf/lib/thumb/interwork/libc.a
LOAD /cygdrive/C/cygwin/GNUARM/bin/../lib/gcc/arm-elf/4.0.2/thumb/interwork/libgcc.a
                0x00200000                RAM_BASE = 0x200000
                0x00010000                RAM_SIZE = 0x10000

.samba_reserved
                0x00200040     0x1fc0
                0x00202000                . = 0x1fc0
 *fill*         0x00200040     0x1fc0 00
                0x00200040                __samba_ram_start__ = ADDR (.samba_reserved)
                0x00202000                __samba_ram_end__ = (__samba_ram_start__ + SIZEOF (.samba_reserved))

.vectors        0x00200000       0x40 load address 0x00202000
 vectors.o(*.text *.text.*)
 .text          0x00200000       0x38 build/nxtvm/platform/nxt/vectors.o
                0x00200040                . = ALIGN (0x10)
 *fill*         0x00200038        0x8 00
                0x00200000                __vectors_ram_start__ = ADDR (.vectors)
                0x00200040                __vectors_ram_end__ = (ADDR (.vectors) + SIZEOF (.vectors))
                0x00202000                __vectors_load_start__ = LOADADDR (.vectors)
                0x00202040                __vectors_load_end__ = (LOADADDR (.vectors) + SIZEOF (.vectors))

.init           0x00202040      0x280
 *ecrobot_init.o(*.text *.text.*)
 .text          0x00202040      0x280 build/ecrobot_init.o
                0x002021ac                undef_handler
                0x002021b4                prefetch_abort_handler
                0x002021b8                data_abort_handler
                0x002021b0                swi_handler
                0x00202040                start
                0x002021d4                reserved_handler
                0x002022c0                . = ALIGN (0x10)

.ram_text       0x002022c0     0x3320
                0x002022c0                . = ALIGN (0x10)
 *.oram(*.text *.text.* *.glue*)
 .text.systick_isr_C1
                0x002022c0       0x28 build/syslib/at91sam7s-gnu/lego_nxt/hw_sys_timer.oram
                0x002022c0                systick_isr_C1
 *fill*         0x002022e8        0x8 00
 .text          0x002022f0      0x230 build/config/at91sam7s-gnu/cpu_support.oram
                0x002024d0                enable_int
                0x00202370                start_dispatch
                0x00202330                activate_r
                0x002024c8                disable_int
                0x002022f0                dispatch
                0x0020249c                int_return
                0x0020242c                _interrupt
                0x00202360                exit_and_dispatch
                0x002024d8                nop
 .text          0x00202520      0x2c0 build/config/at91sam7s-gnu/irq.oram
                0x00202520                default_isr
                0x002026ac                uart_isr_entry_0
                0x0020262c                twi_isr_entry
                0x002026ec                uart_isr_entry_1
                0x002025ec                spi_isr_entry
                0x0020256c                systick_low_priority_entry
                0x0020272c                nxt_motor_isr_entry
                0x0020276c                i2c_timer_isr_entry
                0x00202520                default_fiq
                0x00202524                systick_isr_entry
                0x00202520                spurious_isr
                0x0020266c                sound_isr_entry
                0x002025ac                udp_isr_entry
 .text.uart_process_isr
                0x002027e0       0x88 ../../ecrobot/../ecrobot/libecrobot.a(uart.oram)
 .text.uart_isr_C_0
                0x00202868        0xc ../../ecrobot/../ecrobot/libecrobot.a(uart.oram)
                0x00202868                uart_isr_C_0
 .text.uart_isr_C_1
                0x00202874        0xc ../../ecrobot/../ecrobot/libecrobot.a(uart.oram)
                0x00202874                uart_isr_C_1
 .text.systick_low_priority_C
                0x00202880       0x1c ../../ecrobot/../ecrobot/libecrobot.a(systick.oram)
                0x00202880                systick_low_priority_C
 .text.systick_isr_C
                0x0020289c       0x24 ../../ecrobot/../ecrobot/libecrobot.a(systick.oram)
                0x0020289c                systick_isr_C
 .text.systick_get_ms
                0x002028c0        0xc ../../ecrobot/../ecrobot/libecrobot.a(systick.oram)
                0x002028c0                systick_get_ms
 .text.systick_wait_ms
                0x002028cc       0x1c ../../ecrobot/../ecrobot/libecrobot.a(systick.oram)
                0x002028cc                systick_wait_ms
 .text.systick_wait_ns
                0x002028e8       0x1c ../../ecrobot/../ecrobot/libecrobot.a(systick.oram)
                0x002028e8                systick_wait_ns
 .text.systick_init
                0x00202904       0x58 ../../ecrobot/../ecrobot/libecrobot.a(systick.oram)
                0x00202904                systick_init
 .text.systick_suspend
                0x0020295c        0xc ../../ecrobot/../ecrobot/libecrobot.a(systick.oram)
                0x0020295c                systick_suspend
 .text.systick_resume
                0x00202968        0xc ../../ecrobot/../ecrobot/libecrobot.a(systick.oram)
                0x00202968                systick_resume
 .text.byte_fifo_put
                0x00202974       0x58 ../../ecrobot/../ecrobot/libecrobot.a(byte_fifo.oram)
                0x00202974                byte_fifo_put
 .text.byte_fifo_get
                0x002029cc       0x2c ../../ecrobot/../ecrobot/libecrobot.a(byte_fifo.oram)
                0x002029cc                byte_fifo_get
 .text.aic_initialise
                0x002029f8       0x5c ../../ecrobot/../ecrobot/libecrobot.a(aic.oram)
                0x002029f8                aic_initialise
 .text.aic_set_vector
                0x00202a54       0x30 ../../ecrobot/../ecrobot/libecrobot.a(aic.oram)
                0x00202a54                aic_set_vector
 .text.aic_mask_on
                0x00202a84       0x24 ../../ecrobot/../ecrobot/libecrobot.a(aic.oram)
                0x00202a84                aic_mask_on
 .text.aic_mask_off
                0x00202aa8       0x24 ../../ecrobot/../ecrobot/libecrobot.a(aic.oram)
                0x00202aa8                aic_mask_off
 .text.aic_clear
                0x00202acc       0x24 ../../ecrobot/../ecrobot/libecrobot.a(aic.oram)
                0x00202acc                aic_clear
 .text.reset    0x00202af0       0x4c ../../ecrobot/../ecrobot/libecrobot.a(udp.oram)
 .text.udp_send_null
                0x00202b3c       0x2c ../../ecrobot/../ecrobot/libecrobot.a(udp.oram)
 .text.udp_send_stall
                0x00202b68       0x2c ../../ecrobot/../ecrobot/libecrobot.a(udp.oram)
 .text.udp_send_control
                0x00202b94       0x60 ../../ecrobot/../ecrobot/libecrobot.a(udp.oram)
 .text.udp_isr_C
                0x00202bf4      0x7d0 ../../ecrobot/../ecrobot/libecrobot.a(udp.oram)
                0x00202bf4                udp_isr_C
 .text.twi_status
                0x002033c4       0x20 ../../ecrobot/../ecrobot/libecrobot.a(twi.oram)
                0x002033c4                twi_status
 .text.twi_isr_C
                0x002033e4       0xc4 ../../ecrobot/../ecrobot/libecrobot.a(twi.oram)
                0x002033e4                twi_isr_C
 .text.twi_reset
                0x002034a8       0xb4 ../../ecrobot/../ecrobot/libecrobot.a(twi.oram)
                0x002034a8                twi_reset
 .text.twi_init
                0x0020355c       0x4c ../../ecrobot/../ecrobot/libecrobot.a(twi.oram)
                0x0020355c                twi_init
 .text.twi_start_read
                0x002035a8       0x60 ../../ecrobot/../ecrobot/libecrobot.a(twi.oram)
                0x002035a8                twi_start_read
 .text.twi_start_write
                0x00203608       0x64 ../../ecrobot/../ecrobot/libecrobot.a(twi.oram)
                0x00203608                twi_start_write
 .text.spi_set_mode
                0x0020366c       0x40 ../../ecrobot/../ecrobot/libecrobot.a(nxt_spi.oram)
 .text.spi_isr_C
                0x002036ac       0x8c ../../ecrobot/../ecrobot/libecrobot.a(nxt_spi.oram)
                0x002036ac                spi_isr_C
 .text.nxt_spi_init
                0x00203738      0x12c ../../ecrobot/../ecrobot/libecrobot.a(nxt_spi.oram)
                0x00203738                nxt_spi_init
 .text.nxt_spi_write
                0x00203864       0x44 ../../ecrobot/../ecrobot/libecrobot.a(nxt_spi.oram)
                0x00203864                nxt_spi_write
 .text.nxt_spi_set_display
                0x002038a8       0x10 ../../ecrobot/../ecrobot/libecrobot.a(nxt_spi.oram)
                0x002038a8                nxt_spi_set_display
 .text.nxt_spi_refresh
                0x002038b8       0x24 ../../ecrobot/../ecrobot/libecrobot.a(nxt_spi.oram)
                0x002038b8                nxt_spi_refresh
 .text.nxt_motor_get_count
                0x002038dc       0x14 ../../ecrobot/../ecrobot/libecrobot.a(nxt_motors.oram)
                0x002038dc                nxt_motor_get_count
 .text.nxt_motor_set_count
                0x002038f0       0x10 ../../ecrobot/../ecrobot/libecrobot.a(nxt_motors.oram)
                0x002038f0                nxt_motor_set_count
 .text.nxt_motor_set_speed
                0x00203900       0x34 ../../ecrobot/../ecrobot/libecrobot.a(nxt_motors.oram)
                0x00203900                nxt_motor_set_speed
 .text.nxt_motor_1kHz_process
                0x00203934       0x28 ../../ecrobot/../ecrobot/libecrobot.a(nxt_motors.oram)
                0x00203934                nxt_motor_1kHz_process
 .text.nxt_motor_quad_decode
                0x0020395c       0x30 ../../ecrobot/../ecrobot/libecrobot.a(nxt_motors.oram)
                0x0020395c                nxt_motor_quad_decode
 .text.nxt_motor_isr_C
                0x0020398c       0x88 ../../ecrobot/../ecrobot/libecrobot.a(nxt_motors.oram)
                0x0020398c                nxt_motor_isr_C
 .text.nxt_motor_init
                0x00203a14       0x68 ../../ecrobot/../ecrobot/libecrobot.a(nxt_motors.oram)
                0x00203a14                nxt_motor_init
 .text.data_abort_C
                0x00203a7c       0x7c ../../ecrobot/../ecrobot/libecrobot.a(data_abort.oram)
                0x00203a7c                data_abort_C
 .text.display_update
                0x00203af8       0x14 ../../ecrobot/../ecrobot/libecrobot.a(display.oram)
                0x00203af8                display_update
 .text.display_force_update
                0x00203b0c        0xc ../../ecrobot/../ecrobot/libecrobot.a(display.oram)
                0x00203b0c                display_force_update
 .text.display_clear
                0x00203b18       0x24 ../../ecrobot/../ecrobot/libecrobot.a(display.oram)
                0x00203b18                display_clear
 .text.display_goto_xy
                0x00203b3c       0x14 ../../ecrobot/../ecrobot/libecrobot.a(display.oram)
                0x00203b3c                display_goto_xy
 .text.display_char
                0x00203b50       0x60 ../../ecrobot/../ecrobot/libecrobot.a(display.oram)
                0x00203b50                display_char
 .text.display_string
                0x00203bb0       0x3c ../../ecrobot/../ecrobot/libecrobot.a(display.oram)
                0x00203bb0                display_string
 .text.display_hex
                0x00203bec       0x50 ../../ecrobot/../ecrobot/libecrobot.a(display.oram)
                0x00203bec                display_hex
 .text.display_unsigned_worker
                0x00203c3c       0x70 ../../ecrobot/../ecrobot/libecrobot.a(display.oram)
 .text.display_unsigned
                0x00203cac        0xc ../../ecrobot/../ecrobot/libecrobot.a(display.oram)
                0x00203cac                display_unsigned
 .text.display_int
                0x00203cb8       0x14 ../../ecrobot/../ecrobot/libecrobot.a(display.oram)
                0x00203cb8                display_int
 .text.display_bitmap_copy
                0x00203ccc       0x5c ../../ecrobot/../ecrobot/libecrobot.a(display.oram)
                0x00203ccc                display_bitmap_copy
 .text.display_init
                0x00203d28       0x50 ../../ecrobot/../ecrobot/libecrobot.a(display.oram)
                0x00203d28                display_init
 .text.i2c_timer_isr_C
                0x00203d78      0x314 ../../ecrobot/../ecrobot/libecrobot.a(i2c.oram)
                0x00203d78                i2c_timer_isr_C
 .text.i2c_disable
                0x0020408c       0x20 ../../ecrobot/../ecrobot/libecrobot.a(i2c.oram)
                0x0020408c                i2c_disable
 .text.i2c_enable
                0x002040ac       0x40 ../../ecrobot/../ecrobot/libecrobot.a(i2c.oram)
                0x002040ac                i2c_enable
 .text.i2c_init
                0x002040ec       0xa4 ../../ecrobot/../ecrobot/libecrobot.a(i2c.oram)
                0x002040ec                i2c_init
 .text.i2c_busy
                0x00204190       0x24 ../../ecrobot/../ecrobot/libecrobot.a(i2c.oram)
                0x00204190                i2c_busy
 .text.i2c_start_transaction
                0x002041b4      0x108 ../../ecrobot/../ecrobot/libecrobot.a(i2c.oram)
                0x002041b4                i2c_start_transaction
 .text.sound_fill_sample_buffer
                0x002042bc       0xe4 ../../ecrobot/../ecrobot/libecrobot.a(sound.oram)
                0x002042bc                sound_fill_sample_buffer
 .text.sound_init
                0x002043a0       0xa0 ../../ecrobot/../ecrobot/libecrobot.a(sound.oram)
                0x002043a0                sound_init
 .text.sound_isr_C
                0x00204440      0x180 ../../ecrobot/../ecrobot/libecrobot.a(sound.oram)
                0x00204440                sound_isr_C
 .text.bt_init  0x002045c0      0x1c0 ../../ecrobot/../ecrobot/libecrobot.a(bt.oram)
                0x002045c0                bt_init
 .text.nxt_avr_power_down
                0x00204780       0x10 ../../ecrobot/../ecrobot/libecrobot.a(nxt_avr.oram)
                0x00204780                nxt_avr_power_down
 .text.nxt_avr_link_init
                0x00204790       0x20 ../../ecrobot/../ecrobot/libecrobot.a(nxt_avr.oram)
                0x00204790                nxt_avr_link_init
 .text.nxt_avr_init
                0x002047b0       0x6c ../../ecrobot/../ecrobot/libecrobot.a(nxt_avr.oram)
                0x002047b0                nxt_avr_init
 .text.nxt_avr_1kHz_update
                0x0020481c      0x1cc ../../ecrobot/../ecrobot/libecrobot.a(nxt_avr.oram)
                0x0020481c                nxt_avr_1kHz_update
 .text.buttons_get
                0x002049e8        0xc ../../ecrobot/../ecrobot/libecrobot.a(nxt_avr.oram)
                0x002049e8                buttons_get
 .text.battery_voltage
                0x002049f4       0x28 ../../ecrobot/../ecrobot/libecrobot.a(nxt_avr.oram)
                0x002049f4                battery_voltage
 .text.sensor_adc
                0x00204a1c       0x20 ../../ecrobot/../ecrobot/libecrobot.a(nxt_avr.oram)
                0x00204a1c                sensor_adc
 .text.nxt_avr_set_motor
                0x00204a3c       0x34 ../../ecrobot/../ecrobot/libecrobot.a(nxt_avr.oram)
                0x00204a3c                nxt_avr_set_motor
 .text.nxt_avr_set_input_power
                0x00204a70       0x3c ../../ecrobot/../ecrobot/libecrobot.a(nxt_avr.oram)
                0x00204a70                nxt_avr_set_input_power
 .text.unset_digi0
                0x00204aac       0x44 ../../ecrobot/../ecrobot/libecrobot.a(sensors.oram)
                0x00204aac                unset_digi0
 .text.unset_digi1
                0x00204af0       0x44 ../../ecrobot/../ecrobot/libecrobot.a(sensors.oram)
                0x00204af0                unset_digi1
 .text.init_sensors
                0x00204b34       0x4c ../../ecrobot/../ecrobot/libecrobot.a(sensors.oram)
                0x00204b34                init_sensors
 .text.set_digi0
                0x00204b80       0x44 ../../ecrobot/../ecrobot/libecrobot.a(sensors.oram)
                0x00204b80                set_digi0
 .text.sp_set_mode
                0x00204bc4       0x88 ../../ecrobot/../ecrobot/libecrobot.a(sensors1.oram)
                0x00204bc4                sp_set_mode
 .text.sp_set   0x00204c4c       0x24 ../../ecrobot/../ecrobot/libecrobot.a(sensors1.oram)
                0x00204c4c                sp_set
 .text.sp_read  0x00204c70       0x20 ../../ecrobot/../ecrobot/libecrobot.a(sensors1.oram)
                0x00204c70                sp_read
 .text.sp_get   0x00204c90       0x20 ../../ecrobot/../ecrobot/libecrobot.a(sensors1.oram)
                0x00204c90                sp_get
 .text.sp_set_power
                0x00204cb0        0xc ../../ecrobot/../ecrobot/libecrobot.a(sensors1.oram)
                0x00204cb0                sp_set_power
 .text.sp_reset
                0x00204cbc       0x54 ../../ecrobot/../ecrobot/libecrobot.a(sensors1.oram)
                0x00204cbc                sp_reset
 .text.nxt_lcd_command
                0x00204d10       0x18 ../../ecrobot/../ecrobot/libecrobot.a(nxt_lcd.oram)
                0x00204d10                nxt_lcd_command
 .text.nxt_lcd_set_col
                0x00204d28       0x24 ../../ecrobot/../ecrobot/libecrobot.a(nxt_lcd.oram)
                0x00204d28                nxt_lcd_set_col
 .text.nxt_lcd_set_multiplex_rate
                0x00204d4c       0x18 ../../ecrobot/../ecrobot/libecrobot.a(nxt_lcd.oram)
                0x00204d4c                nxt_lcd_set_multiplex_rate
 .text.nxt_lcd_set_page_address
                0x00204d64       0x18 ../../ecrobot/../ecrobot/libecrobot.a(nxt_lcd.oram)
                0x00204d64                nxt_lcd_set_page_address
 .text.nxt_lcd_set_pot
                0x00204d7c       0x1c ../../ecrobot/../ecrobot/libecrobot.a(nxt_lcd.oram)
                0x00204d7c                nxt_lcd_set_pot
 .text.nxt_lcd_set_ram_address_control
                0x00204d98       0x18 ../../ecrobot/../ecrobot/libecrobot.a(nxt_lcd.oram)
                0x00204d98                nxt_lcd_set_ram_address_control
 .text.nxt_lcd_enable
                0x00204db0       0x14 ../../ecrobot/../ecrobot/libecrobot.a(nxt_lcd.oram)
                0x00204db0                nxt_lcd_enable
 .text.nxt_lcd_set_map_control
                0x00204dc4       0x18 ../../ecrobot/../ecrobot/libecrobot.a(nxt_lcd.oram)
                0x00204dc4                nxt_lcd_set_map_control
 .text.nxt_lcd_reset
                0x00204ddc        0xc ../../ecrobot/../ecrobot/libecrobot.a(nxt_lcd.oram)
                0x00204ddc                nxt_lcd_reset
 .text.nxt_lcd_set_bias_ratio
                0x00204de8       0x18 ../../ecrobot/../ecrobot/libecrobot.a(nxt_lcd.oram)
                0x00204de8                nxt_lcd_set_bias_ratio
 .text.nxt_lcd_force_update
                0x00204e00       0x30 ../../ecrobot/../ecrobot/libecrobot.a(nxt_lcd.oram)
                0x00204e00                nxt_lcd_force_update
 .text.nxt_lcd_update
                0x00204e30        0xc ../../ecrobot/../ecrobot/libecrobot.a(nxt_lcd.oram)
                0x00204e30                nxt_lcd_update
 .text.nxt_lcd_power_up
                0x00204e3c       0x48 ../../ecrobot/../ecrobot/libecrobot.a(nxt_lcd.oram)
                0x00204e3c                nxt_lcd_power_up
 .text.nxt_lcd_power_down
                0x00204e84        0xc ../../ecrobot/../ecrobot/libecrobot.a(nxt_lcd.oram)
                0x00204e84                nxt_lcd_power_down
 .text.nxt_lcd_init
                0x00204e90       0x18 ../../ecrobot/../ecrobot/libecrobot.a(nxt_lcd.oram)
                0x00204e90                nxt_lcd_init
 .text.verify_flash_page
                0x00204ea8       0x34 ../../ecrobot/../ecrobot/libecrobot.a(flash_loader.oram)
 .text.set_flash_request
                0x00204edc       0x38 ../../ecrobot/../ecrobot/libecrobot.a(flash_loader.oram)
                0x00204edc                set_flash_request
 .text.nxt_device_init
                0x00204f14       0x38 ../../ecrobot/../ecrobot/libecrobot.a(flash_loader.oram)
                0x00204f14                nxt_device_init
 .text          0x00204f4c       0x68 ../../ecrobot/../ecrobot/libecrobot.a(interrupts.oram)
                0x00204fa4                fiq_enable
                0x00204f4c                interrupts_get_and_disable
                0x00204f80                fiq_get_and_disable
                0x00204f70                interrupts_enable
 .text.flash_write_page
                0x00204fb4       0xc0 ../../ecrobot/../ecrobot/libecrobot.a(flashprog.oram)
                0x00204fb4                flash_write_page
                0x00205080                . = ALIGN (0x10)
 *fill*         0x00205074        0xc 00
 *.oram(*.rodata *.rodata.*)
 .rodata.ld     0x00205080        0x4 ../../ecrobot/../ecrobot/libecrobot.a(udp.oram)
 .rodata.cfd    0x00205084       0x20 ../../ecrobot/../ecrobot/libecrobot.a(udp.oram)
 .rodata.dd     0x002050a4       0x12 ../../ecrobot/../ecrobot/libecrobot.a(udp.oram)
 *fill*         0x002050b6        0x2 00
 .rodata.str1.4
                0x002050b8       0x22 ../../ecrobot/../ecrobot/libecrobot.a(data_abort.oram)
                                 0x24 (size before relaxing)
 .rodata.font   0x002050da      0x280 ../../ecrobot/../ecrobot/libecrobot.a(display.oram)
 *fill*         0x0020535a        0x2 00
 .rodata.str1.4
                0x0020535c       0x76 ../../ecrobot/../ecrobot/libecrobot.a(display.oram)
                                 0x78 (size before relaxing)
 *fill*         0x002053d2        0x2 00
 .rodata.i2c_pin
                0x002053d4       0x20 ../../ecrobot/../ecrobot/libecrobot.a(i2c.oram)
 .rodata.i2c_timer_isr_C
                0x002053f4       0x38 ../../ecrobot/../ecrobot/libecrobot.a(i2c.oram)
 .rodata.silence
                0x0020542c       0x40 ../../ecrobot/../ecrobot/libecrobot.a(sound.oram)
                0x0020542c                silence
 .rodata.sample_pattern
                0x0020546c       0x84 ../../ecrobot/../ecrobot/libecrobot.a(sound.oram)
                0x0020546c                sample_pattern
 .rodata        0x002054f0        0xc ../../ecrobot/../ecrobot/libecrobot.a(sound.oram)
 .rodata.avr_brainwash_string
                0x002054fc       0x30 ../../ecrobot/../ecrobot/libecrobot.a(nxt_avr.oram)
                0x002054fc                avr_brainwash_string
 .rodata.nxt_avr_1kHz_update
                0x0020552c       0x14 ../../ecrobot/../ecrobot/libecrobot.a(nxt_avr.oram)
 .rodata.C.33.1823
                0x00205540       0x10 ../../ecrobot/../ecrobot/libecrobot.a(sensors.oram)
 .rodata.C.37.1857
                0x00205550       0x10 ../../ecrobot/../ecrobot/libecrobot.a(sensors.oram)
 .rodata.C.31.1806
                0x00205560       0x10 ../../ecrobot/../ecrobot/libecrobot.a(sensors.oram)
 .rodata.sensor_pins
                0x00205570       0x40 ../../ecrobot/../ecrobot/libecrobot.a(sensors1.oram)
                0x00205570                sensor_pins
 .rodata.str1.4
                0x002055b0       0x23 ../../ecrobot/../ecrobot/libecrobot.a(flash_loader.oram)
                                 0x24 (size before relaxing)
                0x002055e0                . = ALIGN (0x10)
 *fill*         0x002055d3        0xd 00
                0x002022c0                __ramtext_ram_start__ = ADDR (.ram_text)
                0x002055e0                __ramtext_ram_end__ = (ADDR (.ram_text) + SIZEOF (.ram_text))
                0x002022c0                __ramtext_load_start__ = LOADADDR (.ram_text)
                0x002055e0                __ramtext_load_end__ = (__ramtext_load_start__ + SIZEOF (.ram_text))

.wav_data       0x002055e0        0x0
 *.owav(*.data *.data.*)
                0x002055e0                . = ALIGN (0x10)

.bmp_data       0x002055e0      0x440
 *.obmp(*.data *.data.*)
 .data          0x002055e0      0x43e ../../ecrobot/../ecrobot/libecrobot.a(nxtosek_splash.obmp)
                0x002055e0                nxtosek_splash_bmp_start
                0x00205a1e                nxtosek_splash_bmp_end
                0x00205a20                . = ALIGN (0x10)
 *fill*         0x00205a1e        0x2 00

.spr_data       0x00205a20        0x0
 *.ospr(*.data *.data.*)
                0x00205a20                . = ALIGN (0x10)

.data           0x00205a20       0x70
 *(*.data *.data.*)
 .data.distance_state
                0x00205a20       0x10 ../../ecrobot/../ecrobot/libecrobot.a(ecrobot_interface.o)
 .data.deviceStatus
                0x00205a30        0x1 ../../ecrobot/../ecrobot/libecrobot.a(ecrobot_interface.o)
 .bss.data.2763
                0x00205a31        0x4 ../../ecrobot/../ecrobot/libecrobot.a(ecrobot_interface.o)
 .data.named    0x00205a35       0x22 ../../ecrobot/../ecrobot/libecrobot.a(udp.oram)
 .data.snd      0x00205a57       0x1a ../../ecrobot/../ecrobot/libecrobot.a(udp.oram)
 *fill*         0x00205a71        0x3 00
 .data.configured
                0x00205a74        0x4 ../../ecrobot/../ecrobot/libecrobot.a(udp.oram)
 .data.mode     0x00205a78        0x1 ../../ecrobot/../ecrobot/libecrobot.a(nxt_spi.oram)
                0x00205a78                mode
 *fill*         0x00205a79        0x3 00
 .bss.data      0x00205a7c        0x4 ../../ecrobot/../ecrobot/libecrobot.a(nxt_spi.oram)
                0x00205a7c                data
 .data.display_auto_update
                0x00205a80        0x4 ../../ecrobot/../ecrobot/libecrobot.a(display.oram)
                0x00205a80                display_auto_update
 .data.display_buffer
                0x00205a84        0x4 ../../ecrobot/../ecrobot/libecrobot.a(display.oram)
                0x00205a90                . = ALIGN (0x10)
 *fill*         0x00205a88        0x8 00
                0x00205a20                __data_ram_start__ = ADDR (.data)
                0x00205a90                __data_ram_end__ = (ADDR (.data) + SIZEOF (.data))
                0x00205a20                __data_load_start__ = LOADADDR (.data)
                0x00205a90                __data_load_end__ = (__data_load_start__ + SIZEOF (.data))

.text           0x00205a90     0x2ba0
                0x00205a90                . = ALIGN (0x10)
 *(*.text *.text.* *.glue*)
 .text.enqueue_alarm
                0x00205a90       0x90 build/kernel/alarm.o
 .text.alarm_initialize
                0x00205b20       0x98 build/kernel/alarm.o
                0x00205b20                alarm_initialize
 .text.SignalCounter
                0x00205bb8      0x134 build/kernel/alarm.o
                0x00205bb8                SignalCounter
 .text.StartOS  0x00205cec       0x58 build/kernel/osctl.o
                0x00205cec                StartOS
 .text.ShutdownOS
                0x00205d44       0x4c build/kernel/osctl.o
                0x00205d44                ShutdownOS
 .text.call_pretaskhook
                0x00205d90       0x24 build/kernel/osctl.o
                0x00205d90                call_pretaskhook
 .text.call_errorhook
                0x00205db4       0x78 build/kernel/osctl.o
                0x00205db4                call_errorhook
 .text.call_posttaskhook
                0x00205e2c       0x24 build/kernel/osctl.o
                0x00205e2c                call_posttaskhook
 .text.search_schedtsk
                0x00205e50       0x94 build/kernel/task.o
                0x00205e50                search_schedtsk
 .text.make_runnable
                0x00205ee4       0xac build/kernel/task.o
                0x00205ee4                make_runnable
 .text.make_active
                0x00205f90       0x78 build/kernel/task.o
                0x00205f90                make_active
 .text.task_initialize
                0x00206008       0x90 build/kernel/task.o
                0x00206008                task_initialize
 .text.ActivateTask
                0x00206098       0x8c build/kernel/task_manage.o
                0x00206098                ActivateTask
 .text.TerminateTask
                0x00206124       0x74 build/kernel/task_manage.o
                0x00206124                TerminateTask
 .text.cpu_initialize
                0x00206198        0x4 build/config/at91sam7s-gnu/cpu_config.o
                0x00206198                cpu_initialize
 .text.cpu_terminate
                0x0020619c        0x4 build/config/at91sam7s-gnu/cpu_config.o
                0x0020619c                cpu_terminate
 .text.sys_initialize
                0x002061a0        0x4 build/config/at91sam7s-gnu/lego_nxt/sys_config.o
                0x002061a0                sys_initialize
 .text.sys_exit
                0x002061a4        0x4 build/config/at91sam7s-gnu/lego_nxt/sys_config.o
                0x002061a4                sys_exit
 .text._activate_alarm_alarm_task_drive
                0x002061a8        0xc build/./kernel_cfg.o
 .text._activate_alarm_alarm_task_ultrasonic
                0x002061b4        0xc build/./kernel_cfg.o
 .text.object_initialize
                0x002061c0       0x10 build/./kernel_cfg.o
                0x002061c0                object_initialize
 .text.init_OS_flag
                0x002061d0        0xc build/ecrobot_base.o
                0x002061d0                init_OS_flag
 .text.set_OS_flag
                0x002061dc        0xc build/ecrobot_base.o
                0x002061dc                set_OS_flag
 .text.get_OS_flag
                0x002061e8        0xc build/ecrobot_base.o
                0x002061e8                get_OS_flag
 .text.cpp_constructor
                0x002061f4       0x28 build/ecrobot_base.o
                0x002061f4                cpp_constructor
 .text.cpp_destructor
                0x0020621c       0x28 build/ecrobot_base.o
                0x0020621c                cpp_destructor
 .text.execution_mode
                0x00206244       0x24 build/ecrobot_base.o
                0x00206244                execution_mode
 .text.show_main_screen
                0x00206268       0x48 build/ecrobot_base.o
                0x00206268                show_main_screen
 .text.display_status_bar
                0x002062b0       0x5c build/ecrobot_base.o
                0x002062b0                display_status_bar
 .text.restart_NXT
                0x0020630c       0x2c build/ecrobot_base.o
                0x0020630c                restart_NXT
 .text.shutdown_NXT
                0x00206338       0x2c build/ecrobot_base.o
                0x00206338                shutdown_NXT
 .text.check_NXT_buttons
                0x00206364       0x38 build/ecrobot_base.o
                0x00206364                check_NXT_buttons
 .text.add_status_info
                0x0020639c       0x68 build/ecrobot_base.o
                0x0020639c                add_status_info
 .text.show_splash_screen
                0x00206404       0x90 build/ecrobot_base.o
                0x00206404                show_splash_screen
 .text.main     0x00206494      0x10c build/ecrobot.o
                0x00206494                main
 .text.Driver_Robot
                0x002065a0      0x738 build/./Driver/Driver_Robot.o
                0x002065a0                Driver_Robot
 .text.user_1ms_isr_type2
                0x00206cd8       0x1c build/Driver_glue.o
                0x00206cd8                user_1ms_isr_type2
 .text.ecrobot_device_initialize
                0x00206cf4       0x1c build/Driver_glue.o
                0x00206cf4                ecrobot_device_initialize
 .text.ecrobot_device_terminate
                0x00206d10       0x18 build/Driver_glue.o
                0x00206d10                ecrobot_device_terminate
 .text.disp     0x00206d28       0x3c build/Driver_glue.o
                0x00206d28                disp
 .text.TaskMainTask_Ultrasonic
                0x00206d64       0x18 build/Driver_glue.o
                0x00206d64                TaskMainTask_Ultrasonic
 .text.TaskMainTask_Drive
                0x00206d7c      0x110 build/Driver_glue.o
                0x00206d7c                TaskMainTask_Drive
 .text.ecrobot_set_light_sensor_active
                0x00206e8c       0x10 ../../ecrobot/../ecrobot/libecrobot.a(ecrobot_interface.o)
                0x00206e8c                ecrobot_set_light_sensor_active
 .text.ecrobot_set_light_sensor_inactive
                0x00206e9c       0x10 ../../ecrobot/../ecrobot/libecrobot.a(ecrobot_interface.o)
                0x00206e9c                ecrobot_set_light_sensor_inactive
 .text.ecrobot_get_light_sensor
                0x00206eac       0x14 ../../ecrobot/../ecrobot/libecrobot.a(ecrobot_interface.o)
                0x00206eac                ecrobot_get_light_sensor
 .text.ecrobot_init_i2c
                0x00206ec0       0x2c ../../ecrobot/../ecrobot/libecrobot.a(ecrobot_interface.o)
                0x00206ec0                ecrobot_init_i2c
 .text.ecrobot_init_sonar_sensor
                0x00206eec       0x10 ../../ecrobot/../ecrobot/libecrobot.a(ecrobot_interface.o)
                0x00206eec                ecrobot_init_sonar_sensor
 .text.ecrobot_get_sonar_sensor
                0x00206efc       0x48 ../../ecrobot/../ecrobot/libecrobot.a(ecrobot_interface.o)
                0x00206efc                ecrobot_get_sonar_sensor
 .text.ecrobot_term_sonar_sensor
                0x00206f44       0x20 ../../ecrobot/../ecrobot/libecrobot.a(ecrobot_interface.o)
                0x00206f44                ecrobot_term_sonar_sensor
 .text.ecrobot_process_bg_nxtcolorsensor
                0x00206f64       0x98 ../../ecrobot/../ecrobot/libecrobot.a(ecrobot_interface.o)
                0x00206f64                ecrobot_process_bg_nxtcolorsensor
 .text.ecrobot_set_nxtcolorsensor
                0x00206ffc       0x44 ../../ecrobot/../ecrobot/libecrobot.a(ecrobot_interface.o)
                0x00206ffc                ecrobot_set_nxtcolorsensor
 .text.ecrobot_init_nxtcolorsensor
                0x00207040       0x30 ../../ecrobot/../ecrobot/libecrobot.a(ecrobot_interface.o)
                0x00207040                ecrobot_init_nxtcolorsensor
 .text.ecrobot_get_nxtcolorsensor_rgb
                0x00207070       0x1c ../../ecrobot/../ecrobot/libecrobot.a(ecrobot_interface.o)
                0x00207070                ecrobot_get_nxtcolorsensor_rgb
 .text.ecrobot_term_nxtcolorsensor
                0x0020708c       0x10 ../../ecrobot/../ecrobot/libecrobot.a(ecrobot_interface.o)
                0x0020708c                ecrobot_term_nxtcolorsensor
 .text.ecrobot_get_battery_voltage
                0x0020709c        0xc ../../ecrobot/../ecrobot/libecrobot.a(ecrobot_interface.o)
                0x0020709c                ecrobot_get_battery_voltage
 .text.ecrobot_get_button_state
                0x002070a8        0xc ../../ecrobot/../ecrobot/libecrobot.a(ecrobot_interface.o)
                0x002070a8                ecrobot_get_button_state
 .text.ecrobot_init_nxtstate
                0x002070b4       0x28 ../../ecrobot/../ecrobot/libecrobot.a(ecrobot_interface.o)
                0x002070b4                ecrobot_init_nxtstate
 .text.ecrobot_poll_nxtstate
                0x002070dc       0x64 ../../ecrobot/../ecrobot/libecrobot.a(ecrobot_interface.o)
                0x002070dc                ecrobot_poll_nxtstate
 .text.ecrobot_setDeviceInitialized
                0x00207140       0x18 ../../ecrobot/../ecrobot/libecrobot.a(ecrobot_interface.o)
                0x00207140                ecrobot_setDeviceInitialized
 .text.ecrobot_initDeviceStatus
                0x00207158        0xc ../../ecrobot/../ecrobot/libecrobot.a(ecrobot_interface.o)
                0x00207158                ecrobot_initDeviceStatus
 .text.ecrobot_bmp2lcd
                0x00207164      0x1c8 ../../ecrobot/../ecrobot/libecrobot.a(ecrobot_interface.o)
                0x00207164                ecrobot_bmp2lcd
 .text.colorsensor_recv
                0x0020732c       0x68 ../../ecrobot/../ecrobot/libecrobot.a(colorsensor.o)
 .text.colorsensor_init
                0x00207394      0x108 ../../ecrobot/../ecrobot/libecrobot.a(colorsensor.o)
                0x00207394                colorsensor_init
 .text.colorsensor_term
                0x0020749c       0x6c ../../ecrobot/../ecrobot/libecrobot.a(colorsensor.o)
                0x0020749c                colorsensor_term
 .text.colorsensor_light_get
                0x00207508       0x44 ../../ecrobot/../ecrobot/libecrobot.a(colorsensor.o)
                0x00207508                colorsensor_light_get
 .text.colorsensor_light_full
                0x0020754c       0xac ../../ecrobot/../ecrobot/libecrobot.a(colorsensor.o)
                0x0020754c                colorsensor_light_full
 .text.colorsensor_rgb_get
                0x002075f8       0x14 ../../ecrobot/../ecrobot/libecrobot.a(colorsensor.o)
                0x002075f8                colorsensor_rgb_get
 .text.colorsensor_color_get
                0x0020760c       0xfc ../../ecrobot/../ecrobot/libecrobot.a(colorsensor.o)
                0x0020760c                colorsensor_color_get
 .text.StartupHook
                0x00207708        0x4 ../../ecrobot/../ecrobot/libecrobot.a(osek_hook.o)
                0x00207708                StartupHook
 .text.PreTaskHook
                0x0020770c        0x4 ../../ecrobot/../ecrobot/libecrobot.a(osek_hook.o)
                0x0020770c                PreTaskHook
 .text.PostTaskHook
                0x00207710        0x4 ../../ecrobot/../ecrobot/libecrobot.a(osek_hook.o)
                0x00207710                PostTaskHook
 .text.ErrorHook
                0x00207714        0x4 ../../ecrobot/../ecrobot/libecrobot.a(osek_hook.o)
                0x00207714                ErrorHook
 .text.ShutdownHook
                0x00207718        0x4 ../../ecrobot/../ecrobot/libecrobot.a(osek_hook.o)
                0x00207718                ShutdownHook
 .text          0x0020771c       0x8c /cygdrive/C/cygwin/GNUARM/bin/../lib/gcc/arm-elf/4.0.2/thumb/interwork/libgcc.a(_udivsi3.o)
                0x0020771c                __udivsi3
                0x00207798                __aeabi_uidivmod
 .text          0x002077a8       0xc8 /cygdrive/C/cygwin/GNUARM/bin/../lib/gcc/arm-elf/4.0.2/thumb/interwork/libgcc.a(_umodsi3.o)
                0x002077a8                __umodsi3
 .text          0x00207870        0x4 /cygdrive/C/cygwin/GNUARM/bin/../lib/gcc/arm-elf/4.0.2/thumb/interwork/libgcc.a(_dvmd_tls.o)
                0x00207870                __aeabi_ldiv0
                0x00207870                __div0
                0x00207870                __aeabi_idiv0
 .text          0x00207874      0x430 /cygdrive/C/cygwin/GNUARM/bin/../lib/gcc/arm-elf/4.0.2/thumb/interwork/libgcc.a(_addsubdf3.o)
                0x00207c38                __floatdidf
                0x00207bb8                __floatsidf
                0x00207b90                __aeabi_ui2d
                0x00207874                __aeabi_drsub
                0x00207be4                __extendsfdf2
                0x00207880                __adddf3
                0x00207b90                __floatunsidf
                0x00207880                __aeabi_dadd
                0x00207c24                __aeabi_ul2d
                0x0020787c                __aeabi_dsub
                0x00207c24                __floatundidf
                0x00207bb8                __aeabi_i2d
                0x00207c38                __aeabi_l2d
                0x00207be4                __aeabi_f2d
                0x0020787c                __subdf3
 .text          0x00207ca4      0x49c /cygdrive/C/cygwin/GNUARM/bin/../lib/gcc/arm-elf/4.0.2/thumb/interwork/libgcc.a(_muldivdf3.o)
                0x00207f34                __aeabi_ddiv
                0x00207ca4                __aeabi_dmul
                0x00207f34                __divdf3
                0x00207ca4                __muldf3
 .text          0x00208140      0x140 /cygdrive/C/cygwin/GNUARM/bin/../lib/gcc/arm-elf/4.0.2/thumb/interwork/libgcc.a(_cmpdf2.o)
                0x00208238                __aeabi_dcmple
                0x00208150                __cmpdf2
                0x00208150                __eqdf2
                0x00208140                __gtdf2
                0x002081f0                __aeabi_cdcmple
                0x002081d4                __aeabi_cdrcmple
                0x00208148                __ltdf2
                0x00208220                __aeabi_dcmplt
                0x00208148                __ledf2
                0x00208268                __aeabi_dcmpgt
                0x00208250                __aeabi_dcmpge
                0x00208150                __nedf2
                0x00208208                __aeabi_dcmpeq
                0x002081f0                __aeabi_cdcmpeq
                0x00208140                __gedf2
 .text          0x00208280       0x5c /cygdrive/C/cygwin/GNUARM/bin/../lib/gcc/arm-elf/4.0.2/thumb/interwork/libgcc.a(_fixdfsi.o)
                0x00208280                __fixdfsi
                0x00208280                __aeabi_d2iz
 .text          0x002082dc       0x68 /cygdrive/C/cygwin/GNUARM/bin/../lib/gcc/arm-elf/4.0.2/../../../../arm-elf/lib/thumb/interwork/libc.a(memcpy.o)
                0x002082dc                memcpy
 .text          0x00208344       0x68 /cygdrive/C/cygwin/GNUARM/bin/../lib/gcc/arm-elf/4.0.2/../../../../arm-elf/lib/thumb/interwork/libc.a(memset.o)
                0x00208344                memset
 .text          0x002083ac       0x60 /cygdrive/C/cygwin/GNUARM/bin/../lib/gcc/arm-elf/4.0.2/../../../../arm-elf/lib/thumb/interwork/libc.a(strcpy.o)
                0x002083ac                strcpy
 .text          0x0020840c       0x48 /cygdrive/C/cygwin/GNUARM/bin/../lib/gcc/arm-elf/4.0.2/../../../../arm-elf/lib/thumb/interwork/libc.a(strlen.o)
                0x0020840c                strlen
 .glue_7        0x00208454       0x30 /cygdrive/C/cygwin/GNUARM/bin/../lib/gcc/arm-elf/4.0.2/../../../../arm-elf/lib/thumb/interwork/libc.a(strncpy.o)
                0x0020846c                __call_posttaskhook_from_arm
                0x00208455                __ecrobot_debug1_from_arm
                0x00208461                __ecrobot_debug2_from_arm
                0x00208478                __call_pretaskhook_from_arm
 .glue_7t       0x00208484       0x90 /cygdrive/C/cygwin/GNUARM/bin/../lib/gcc/arm-elf/4.0.2/../../../../arm-elf/lib/thumb/interwork/libc.a(strncpy.o)
                0x002084b0                __start_change_to_arm
                0x002084fc                __interrupts_get_and_disable_from_thumb
                0x002084d4                ____gtdf2_from_thumb
                0x002084a4                __exit_and_dispatch_from_thumb
                0x002084ec                ____subdf3_from_thumb
                0x002084d0                ____ltdf2_change_to_arm
                0x002084f0                ____subdf3_change_to_arm
                0x002084b8                ____gedf2_change_to_arm
                0x002084a8                __exit_and_dispatch_change_to_arm
                0x00208484                __disable_int_from_thumb
                0x0020849c                __start_dispatch_from_thumb
                0x002084f4                ____fixdfsi_from_thumb
                0x002084c8                ____divdf3_change_to_arm
                0x002084b4                ____gedf2_from_thumb
                0x002084ac                __start_from_thumb
                0x002084c0                ____muldf3_change_to_arm
                0x002084f8                ____fixdfsi_change_to_arm
                0x002084c4                ____divdf3_from_thumb
                0x0020848c                __enable_int_from_thumb
                0x00208494                __dispatch_from_thumb
                0x00208508                __interrupts_enable_change_to_arm
                0x00208500                __interrupts_get_and_disable_change_to_arm
                0x00208498                __dispatch_change_to_arm
                0x002084e8                ____adddf3_change_to_arm
                0x002084d8                ____gtdf2_change_to_arm
                0x002084dc                ____floatsidf_from_thumb
                0x002084cc                ____ltdf2_from_thumb
                0x0020850d                __display_bios_status_from_thumb
                0x002084e4                ____adddf3_from_thumb
                0x00208488                __disable_int_change_to_arm
                0x002084bc                ____muldf3_from_thumb
                0x00208490                __enable_int_change_to_arm
                0x002084e0                ____floatsidf_change_to_arm
                0x00208504                __interrupts_enable_from_thumb
                0x00208510                __display_bios_status_change_to_arm
                0x002084a0                __start_dispatch_change_to_arm
                0x00208520                . = ALIGN (0x10)
 *fill*         0x00208514        0xc 00
 *(*.rodata *.rodata.*)
 .rodata.search_table.966
                0x00208520        0xf build/kernel/task.o
 *fill*         0x0020852f        0x1 00
 .rodata.alminib_cycle
                0x00208530        0x8 build/./kernel_cfg.o
                0x00208530                alminib_cycle
 .rodata.alminib_almval
                0x00208538        0x8 build/./kernel_cfg.o
                0x00208538                alminib_almval
 .rodata.alminib_autosta
                0x00208540        0x2 build/./kernel_cfg.o
                0x00208540                alminib_autosta
 *fill*         0x00208542        0x2 00
 .rodata.alminib_cback
                0x00208544        0x8 build/./kernel_cfg.o
                0x00208544                alminib_cback
 .rodata.alminib_cntid
                0x0020854c        0x2 build/./kernel_cfg.o
                0x0020854c                alminib_cntid
 *fill*         0x0020854e        0x2 00
 .rodata.cntinib_tickbase
                0x00208550        0x4 build/./kernel_cfg.o
                0x00208550                cntinib_tickbase
 .rodata.cntinib_maxval2
                0x00208554        0x4 build/./kernel_cfg.o
                0x00208554                cntinib_maxval2
 .rodata.cntinib_maxval
                0x00208558        0x4 build/./kernel_cfg.o
                0x00208558                cntinib_maxval
 .rodata.SysTimerCnt
                0x0020855c        0x1 build/./kernel_cfg.o
                0x0020855c                SysTimerCnt
 *fill*         0x0020855d        0x1 00
 .rodata.tinib_stksz
                0x0020855e        0x4 build/./kernel_cfg.o
                0x0020855e                tinib_stksz
 *fill*         0x00208562        0x2 00
 .rodata.tinib_stk
                0x00208564        0x8 build/./kernel_cfg.o
                0x00208564                tinib_stk
 .rodata.tinib_task
                0x0020856c        0x8 build/./kernel_cfg.o
                0x0020856c                tinib_task
 .rodata.tinib_autoact
                0x00208574        0x2 build/./kernel_cfg.o
                0x00208574                tinib_autoact
 .rodata.tinib_maxact
                0x00208576        0x2 build/./kernel_cfg.o
                0x00208576                tinib_maxact
 .rodata.tinib_exepri
                0x00208578        0x2 build/./kernel_cfg.o
                0x00208578                tinib_exepri
 .rodata.tinib_inipri
                0x0020857a        0x2 build/./kernel_cfg.o
                0x0020857a                tinib_inipri
 .rodata.tnum_exttask
                0x0020857c        0x1 build/./kernel_cfg.o
                0x0020857c                tnum_exttask
 .rodata.tnum_task
                0x0020857d        0x1 build/./kernel_cfg.o
                0x0020857d                tnum_task
 .rodata.tnum_counter
                0x0020857e        0x1 build/./kernel_cfg.o
                0x0020857e                tnum_counter
 .rodata.tnum_alarm
                0x0020857f        0x1 build/./kernel_cfg.o
                0x0020857f                tnum_alarm
 .rodata.exec_addr
                0x00208580        0x4 build/ecrobot_base.o
                0x00208580                exec_addr
 .rodata.str1.4
                0x00208584       0x80 build/ecrobot_base.o
 .rodata.STOP   0x00208604        0xc build/./Driver/kcg_consts.o
                0x00208604                STOP
 .rodata.BLUE   0x00208610        0x8 build/./Driver/kcg_consts.o
                0x00208610                BLUE
 .rodata.str1.4
                0x00208618        0x7 build/Driver_glue.o
                                  0x8 (size before relaxing)
 .rodata.NXT_COLORSENSOR_PROTOCOLS
                0x0020861f        0x7 ../../ecrobot/../ecrobot/libecrobot.a(ecrobot_interface.o)
                0x0020861f                NXT_COLORSENSOR_PROTOCOLS
                0x00208630                . = ALIGN (0x10)
 *fill*         0x00208626        0xa 00
 *(*.gnu.linkonce.* .gcc_except_table)
                0x00208630                . = ALIGN (0x10)

.tors           0x00208630        0x0
                0x00208630                . = ALIGN (0x10)
                0x00208630                __ctor_begin = .
 *(*.ctors*)
                0x00208630                __ctor_end = .
                0x00208630                . = ALIGN (0x10)
                0x00208630                __dtor_begin = .
 *(*.dtors*)
                0x00208630                __dtor_end = .
                0x00208630                . = ALIGN (0x10)

.bss            0x00208630     0x1658
 *(*.bss *.bss.*)
 .bss.ready_primap
                0x00208630        0x2 build/kernel/task.o
 .bss.ready_queue_last
                0x00208632       0x10 build/kernel/task.o
 .bss.ready_queue_first
                0x00208642       0x10 build/kernel/task.o
 *fill*         0x00208652        0x2 00
 .bss._stack_Task_Ultrasonic
                0x00208654      0x200 build/./kernel_cfg.o
 .bss._stack_Task_Drive
                0x00208854      0x200 build/./kernel_cfg.o
 .bss.status_bar_position
                0x00208a54        0x4 build/ecrobot_base.o
 .bss.last_act_time.2753
                0x00208a58        0x4 build/ecrobot_base.o
 .bss.lcd.2682  0x00208a5c      0x320 build/ecrobot_base.o
 .bss.OS_flag   0x00208d7c        0x4 build/ecrobot_base.o
 .bss.status_bar
                0x00208d80       0x10 build/ecrobot_base.o
 .bss.tmp2      0x00208d90        0x4 build/Driver_glue.o
                0x00208d90                tmp2
 .bss.tmp1      0x00208d94        0x4 build/Driver_glue.o
                0x00208d94                tmp1
 .bss.buttons_i
                0x00208d98        0x4 ../../ecrobot/../ecrobot/libecrobot.a(ecrobot_interface.o)
 .bss.buttons_states
                0x00208d9c       0x14 ../../ecrobot/../ecrobot/libecrobot.a(ecrobot_interface.o)
 .bss.ecrobot_inputs
                0x00208db0        0x8 ../../ecrobot/../ecrobot/libecrobot.a(ecrobot_interface.o)
 .bss.sensor_data
                0x00208db8       0x40 ../../ecrobot/../ecrobot/libecrobot.a(ecrobot_interface.o)
 .bss.rgb_buf   0x00208df8        0xc ../../ecrobot/../ecrobot/libecrobot.a(colorsensor.o)
 .bss.systick_ms
                0x00208e04        0x4 ../../ecrobot/../ecrobot/libecrobot.a(systick.oram)
 .bss.delayedEnable
                0x00208e08        0x1 ../../ecrobot/../ecrobot/libecrobot.a(udp.oram)
 *fill*         0x00208e09        0x3 00
 .bss.outCnt    0x00208e0c        0x4 ../../ecrobot/../ecrobot/libecrobot.a(udp.oram)
 .bss.outPtr    0x00208e10        0x4 ../../ecrobot/../ecrobot/libecrobot.a(udp.oram)
 .bss.newAddress
                0x00208e14        0x4 ../../ecrobot/../ecrobot/libecrobot.a(udp.oram)
 .bss.currentRxBank
                0x00208e18        0x4 ../../ecrobot/../ecrobot/libecrobot.a(udp.oram)
 .bss.currentFeatures
                0x00208e1c        0x4 ../../ecrobot/../ecrobot/libecrobot.a(udp.oram)
 .bss.currentConfig
                0x00208e20        0x1 ../../ecrobot/../ecrobot/libecrobot.a(udp.oram)
 *fill*         0x00208e21        0x3 00
 .bss.twi_mask  0x00208e24        0x4 ../../ecrobot/../ecrobot/libecrobot.a(twi.oram)
 .bss.twi_ptr   0x00208e28        0x4 ../../ecrobot/../ecrobot/libecrobot.a(twi.oram)
 .bss.twi_pending
                0x00208e2c        0x4 ../../ecrobot/../ecrobot/libecrobot.a(twi.oram)
 .bss.twi_state
                0x00208e30        0x4 ../../ecrobot/../ecrobot/libecrobot.a(twi.oram)
 .bss.page      0x00208e34        0x1 ../../ecrobot/../ecrobot/libecrobot.a(nxt_spi.oram)
                0x00208e34                page
 .bss.dirty     0x00208e35        0x1 ../../ecrobot/../ecrobot/libecrobot.a(nxt_spi.oram)
                0x00208e35                dirty
 *fill*         0x00208e36        0x2 00
 .bss.display   0x00208e38        0x4 ../../ecrobot/../ecrobot/libecrobot.a(nxt_spi.oram)
                0x00208e38                display
 .bss.interrupts_this_period
                0x00208e3c        0x4 ../../ecrobot/../ecrobot/libecrobot.a(nxt_motors.oram)
 .bss.nxt_motor_initialised
                0x00208e40        0x4 ../../ecrobot/../ecrobot/libecrobot.a(nxt_motors.oram)
 .bss.motor     0x00208e44       0x30 ../../ecrobot/../ecrobot/libecrobot.a(nxt_motors.oram)
 .bss.display_tick
                0x00208e74        0x4 ../../ecrobot/../ecrobot/libecrobot.a(display.oram)
                0x00208e74                display_tick
 .bss.display_array
                0x00208e78      0x388 ../../ecrobot/../ecrobot/libecrobot.a(display.oram)
 .bss.i2c_int_count
                0x00209200        0x4 ../../ecrobot/../ecrobot/libecrobot.a(i2c.oram)
 .bss.i2c_port  0x00209204      0x170 ../../ecrobot/../ecrobot/libecrobot.a(i2c.oram)
 .bss.sound_mode
                0x00209374        0x1 ../../ecrobot/../ecrobot/libecrobot.a(sound.oram)
                0x00209374                sound_mode
 *fill*         0x00209375        0x3 00
 .bss.in_buf_idx
                0x00209378        0x4 ../../ecrobot/../ecrobot/libecrobot.a(bt.oram)
 .bss.buf_ptr   0x0020937c        0x4 ../../ecrobot/../ecrobot/libecrobot.a(bt.oram)
 .bss.out_buf_ptr
                0x00209380        0x1 ../../ecrobot/../ecrobot/libecrobot.a(bt.oram)
 .bss.in_buf_in_ptr
                0x00209381        0x1 ../../ecrobot/../ecrobot/libecrobot.a(bt.oram)
 .bss.in_buf    0x00209382      0x100 ../../ecrobot/../ecrobot/libecrobot.a(bt.oram)
 *fill*         0x00209482        0x2 00
 .bss.link_state
                0x00209484        0x4 ../../ecrobot/../ecrobot/libecrobot.a(nxt_avr.oram)
 .bss.update_count
                0x00209488        0x4 ../../ecrobot/../ecrobot/libecrobot.a(nxt_avr.oram)
 .bss.nxt_avr_stats
                0x0020948c       0x14 ../../ecrobot/../ecrobot/libecrobot.a(nxt_avr.oram)
 .bss.debounce_cnt
                0x002094a0        0x2 ../../ecrobot/../ecrobot/libecrobot.a(nxt_avr.oram)
 .bss.debounce_state
                0x002094a2        0x2 ../../ecrobot/../ecrobot/libecrobot.a(nxt_avr.oram)
 .bss.button_state
                0x002094a4        0x2 ../../ecrobot/../ecrobot/libecrobot.a(nxt_avr.oram)
 .bss.prev_buttons
                0x002094a6        0x2 ../../ecrobot/../ecrobot/libecrobot.a(nxt_avr.oram)
 .bss.from_buf  0x002094a8        0x4 ../../ecrobot/../ecrobot/libecrobot.a(nxt_avr.oram)
 .bss.io_from_avr
                0x002094ac        0x4 ../../ecrobot/../ecrobot/libecrobot.a(nxt_avr.oram)
 .bss.data_from_avr
                0x002094b0       0x1a ../../ecrobot/../ecrobot/libecrobot.a(nxt_avr.oram)
 .bss.data_to_avr
                0x002094ca        0x9 ../../ecrobot/../ecrobot/libecrobot.a(nxt_avr.oram)
 .bss.io_to_avr
                0x002094d3        0x8 ../../ecrobot/../ecrobot/libecrobot.a(nxt_avr.oram)
 *fill*         0x002094db        0x1 00
 .bss.display   0x002094dc        0x4 ../../ecrobot/../ecrobot/libecrobot.a(nxt_lcd.oram)
                0x002094e0                . = ALIGN (0x10)
                0x002094e0                __bss_end__ = .
 COMMON         0x002094e0        0x2 build/kernel/interrupt.o
                0x002094e0                runisr
                0x002094e1                sus_all_cnt
 *fill*         0x002094e2        0x2 00
 COMMON         0x002094e4       0x10 build/kernel/osctl.o
                0x002094e4                callevel
                0x002094e5                _errorhook_svcid
                0x002094e6                appmode
                0x002094e8                _errorhook_par1
                0x002094ec                _errorhook_par3
                0x002094f0                _errorhook_par2
 COMMON         0x002094f4        0x3 build/kernel/task.o
                0x002094f4                runtsk
                0x002094f5                schedtsk
                0x002094f6                nextpri
 *fill*         0x002094f7        0x1 00
 COMMON         0x002094f8       0x44 build/./kernel_cfg.o
                0x002094f8                tcb_waievt
                0x002094fc                rescb_prevpri
                0x002094fd                almcb_prev
                0x002094ff                tcb_lastres
                0x00209504                almcb_almval
                0x0020950c                tcxb_pc
                0x00209514                tcb_next
                0x00209516                tcb_curpri
                0x00209518                tcb_tstat
                0x0020951a                isrcb_lastres
                0x0020951b                cntcb_almque
                0x0020951c                rescb_prevres
                0x0020951d                tcb_actcnt
                0x00209520                tcb_curevt
                0x00209524                almcb_cycle
                0x0020952c                tcxb_sp
                0x00209534                almcb_next
                0x00209538                cntcb_curval
 COMMON         0x0020953c      0x130 build/./Driver/Driver_Robot_context.o
                0x0020953c                Ctxt_Driver_Robot
 COMMON         0x0020966c      0x288 build/./Driver/Driver_Robot_inputs.o
                0x0020966c                Itinerary
                0x002098c4                SensorsData
                0x002098d8                top
                0x002098dc                light
                0x002098e0                getCountA
                0x002098e8                getCountB
                0x002098f0                Interrupt
 COMMON         0x002098f4       0x20 build/./Driver/Driver_Robot_outputs.o
                0x002098f4                indexOut
                0x002098f8                RobotStatus
                0x002098fc                RotationalSpeed
                0x0020990c                angleMotor
 COMMON         0x00209914       0x44 ../../ecrobot/../ecrobot/libecrobot.a(uart.oram)
                0x00209914                uart
 COMMON         0x00209958        0x4 ../../ecrobot/../ecrobot/libecrobot.a(data_abort.oram)
                0x00209958                data_abort_pc
 COMMON         0x0020995c        0x8 ../../ecrobot/../ecrobot/libecrobot.a(display.oram)
                0x0020995c                display_x
                0x00209960                display_y
 COMMON         0x00209964      0x324 ../../ecrobot/../ecrobot/libecrobot.a(sound.oram)
                0x00209964                sample
                0x00208630                __bss_start__ = ADDR (.bss)
                0x00209c88                __bss_end__ = (ADDR (.bss) + SIZEOF (.bss))
                0x00209c88                PROVIDE (end, .)

.heap_area      0x00209c88     0x5ef0
                0x0020fb78                . = (. + (0x20fb78 - end))
 *fill*         0x00209c88     0x5ef0 00

.stack          0x0020fb78      0x488
                0x0020fbf8                . = (. + 0x80)
 *fill*         0x0020fb78       0x80 00
                0x0020fc00                . = ALIGN (0x10)
 *fill*         0x0020fbf8        0x8 00
                0x0020fc00                __irq_stack__ = .
                0x0020fc00                __system_stack_bottom__ = .
                0x00210000                . = (. + 0x400)
 *fill*         0x0020fc00      0x400 00
                0x00210000                . = ALIGN (0x10)
                0x00210000                __system_stack__ = .
                0x00210000                __system_stack_top__ = .
                0x0020fb78                __stack_start__ = ADDR (.stack)
                0x00210000                __stack_end__ = (ADDR (.stack) + SIZEOF (.stack))
OUTPUT(Driver_osek_ram.elf elf32-littlearm)

.comment        0x00000000      0x3cc
 .comment       0x00000000       0x12 build/kernel/alarm.o
 .comment       0x00000012       0x12 build/kernel/event.o
 .comment       0x00000024       0x12 build/kernel/interrupt.o
 .comment       0x00000036       0x12 build/kernel/osctl.o
 .comment       0x00000048       0x12 build/kernel/resource.o
 .comment       0x0000005a       0x12 build/kernel/task.o
 .comment       0x0000006c       0x12 build/kernel/task_manage.o
 .comment       0x0000007e       0x12 build/config/at91sam7s-gnu/cpu_config.o
 .comment       0x00000090       0x12 build/config/at91sam7s-gnu/lego_nxt/sys_config.o
 .comment       0x000000a2       0x12 build/./kernel_cfg.o
 .comment       0x000000b4       0x12 build/syscalls.o
 .comment       0x000000c6       0x12 build/ecrobot_bluetooth.o
 .comment       0x000000d8       0x12 build/ecrobot_base.o
 .comment       0x000000ea       0x12 build/ecrobot.o
 .comment       0x000000fc       0x12 build/./Driver/Driver_Robot.o
 .comment       0x0000010e       0x12 build/./Driver/Driver_Robot_context.o
 .comment       0x00000120       0x12 build/./Driver/Driver_Robot_inputs.o
 .comment       0x00000132       0x12 build/./Driver/Driver_Robot_outputs.o
 .comment       0x00000144       0x12 build/./Driver/kcg_consts.o
 .comment       0x00000156       0x12 build/./Driver/kcg_types.o
 .comment       0x00000168       0x12 build/Driver_glue.o
 .comment       0x0000017a       0x12 build/syslib/at91sam7s-gnu/lego_nxt/hw_sys_timer.oram
 .comment       0x0000018c       0x12 ../../ecrobot/../ecrobot/libecrobot.a(ecrobot_interface.o)
 .comment       0x0000019e       0x12 ../../ecrobot/../ecrobot/libecrobot.a(colorsensor.o)
 .comment       0x000001b0       0x12 ../../ecrobot/../ecrobot/libecrobot.a(osek_hook.o)
 .comment       0x000001c2       0x12 ../../ecrobot/../ecrobot/libecrobot.a(uart.oram)
 .comment       0x000001d4       0x12 ../../ecrobot/../ecrobot/libecrobot.a(systick.oram)
 .comment       0x000001e6       0x12 ../../ecrobot/../ecrobot/libecrobot.a(byte_fifo.oram)
 .comment       0x000001f8       0x12 ../../ecrobot/../ecrobot/libecrobot.a(aic.oram)
 .comment       0x0000020a       0x12 ../../ecrobot/../ecrobot/libecrobot.a(udp.oram)
 .comment       0x0000021c       0x12 ../../ecrobot/../ecrobot/libecrobot.a(twi.oram)
 .comment       0x0000022e       0x12 ../../ecrobot/../ecrobot/libecrobot.a(nxt_spi.oram)
 .comment       0x00000240       0x12 ../../ecrobot/../ecrobot/libecrobot.a(nxt_motors.oram)
 .comment       0x00000252       0x12 ../../ecrobot/../ecrobot/libecrobot.a(data_abort.oram)
 .comment       0x00000264       0x12 ../../ecrobot/../ecrobot/libecrobot.a(display.oram)
 .comment       0x00000276       0x12 ../../ecrobot/../ecrobot/libecrobot.a(i2c.oram)
 .comment       0x00000288       0x12 ../../ecrobot/../ecrobot/libecrobot.a(sound.oram)
 .comment       0x0000029a       0x12 ../../ecrobot/../ecrobot/libecrobot.a(bt.oram)
 .comment       0x000002ac       0x12 ../../ecrobot/../ecrobot/libecrobot.a(nxt_avr.oram)
 .comment       0x000002be       0x12 ../../ecrobot/../ecrobot/libecrobot.a(sensors.oram)
 .comment       0x000002d0       0x12 ../../ecrobot/../ecrobot/libecrobot.a(sensors1.oram)
 .comment       0x000002e2       0x12 ../../ecrobot/../ecrobot/libecrobot.a(nxt_lcd.oram)
 .comment       0x000002f4       0x12 ../../ecrobot/../ecrobot/libecrobot.a(flash_loader.oram)
 .comment       0x00000306       0x12 ../../ecrobot/../ecrobot/libecrobot.a(ecrobot_usb.o)
 .comment       0x00000318       0x12 ../../ecrobot/../ecrobot/libecrobot.a(flashprog.oram)
 .comment       0x0000032a       0x12 /cygdrive/C/cygwin/GNUARM/bin/../lib/gcc/arm-elf/4.0.2/thumb/interwork/libgcc.a(_muldi3.o)
 .comment       0x0000033c       0x12 /cygdrive/C/cygwin/GNUARM/bin/../lib/gcc/arm-elf/4.0.2/thumb/interwork/libgcc.a(_divdi3.o)
 .comment       0x0000034e       0x12 /cygdrive/C/cygwin/GNUARM/bin/../lib/gcc/arm-elf/4.0.2/thumb/interwork/libgcc.a(_clz.o)
 .comment       0x00000360       0x12 /cygdrive/C/cygwin/GNUARM/bin/../lib/gcc/arm-elf/4.0.2/../../../../arm-elf/lib/thumb/interwork/libc.a(memcpy.o)
 .comment       0x00000372       0x12 /cygdrive/C/cygwin/GNUARM/bin/../lib/gcc/arm-elf/4.0.2/../../../../arm-elf/lib/thumb/interwork/libc.a(memset.o)
 .comment       0x00000384       0x12 /cygdrive/C/cygwin/GNUARM/bin/../lib/gcc/arm-elf/4.0.2/../../../../arm-elf/lib/thumb/interwork/libc.a(strcmp.o)
 .comment       0x00000396       0x12 /cygdrive/C/cygwin/GNUARM/bin/../lib/gcc/arm-elf/4.0.2/../../../../arm-elf/lib/thumb/interwork/libc.a(strcpy.o)
 .comment       0x000003a8       0x12 /cygdrive/C/cygwin/GNUARM/bin/../lib/gcc/arm-elf/4.0.2/../../../../arm-elf/lib/thumb/interwork/libc.a(strlen.o)
 .comment       0x000003ba       0x12 /cygdrive/C/cygwin/GNUARM/bin/../lib/gcc/arm-elf/4.0.2/../../../../arm-elf/lib/thumb/interwork/libc.a(strncpy.o)

.debug_line     0x00000000      0xbe6
 .debug_line    0x00000000       0x70 /cygdrive/C/cygwin/GNUARM/bin/../lib/gcc/arm-elf/4.0.2/thumb/interwork/libgcc.a(_udivsi3.o)
 .debug_line    0x00000070       0x7c /cygdrive/C/cygwin/GNUARM/bin/../lib/gcc/arm-elf/4.0.2/thumb/interwork/libgcc.a(_divsi3.o)
 .debug_line    0x000000ec       0x68 /cygdrive/C/cygwin/GNUARM/bin/../lib/gcc/arm-elf/4.0.2/thumb/interwork/libgcc.a(_umodsi3.o)
 .debug_line    0x00000154       0x71 /cygdrive/C/cygwin/GNUARM/bin/../lib/gcc/arm-elf/4.0.2/thumb/interwork/libgcc.a(_modsi3.o)
 .debug_line    0x000001c5       0x5a /cygdrive/C/cygwin/GNUARM/bin/../lib/gcc/arm-elf/4.0.2/thumb/interwork/libgcc.a(_dvmd_tls.o)
 .debug_line    0x0000021f      0x162 /cygdrive/C/cygwin/GNUARM/bin/../lib/gcc/arm-elf/4.0.2/thumb/interwork/libgcc.a(_addsubdf3.o)
 .debug_line    0x00000381      0x177 /cygdrive/C/cygwin/GNUARM/bin/../lib/gcc/arm-elf/4.0.2/thumb/interwork/libgcc.a(_muldivdf3.o)
 .debug_line    0x000004f8       0xa4 /cygdrive/C/cygwin/GNUARM/bin/../lib/gcc/arm-elf/4.0.2/thumb/interwork/libgcc.a(_cmpdf2.o)
 .debug_line    0x0000059c       0x6f /cygdrive/C/cygwin/GNUARM/bin/../lib/gcc/arm-elf/4.0.2/thumb/interwork/libgcc.a(_fixdfsi.o)
 .debug_line    0x0000060b       0x61 /cygdrive/C/cygwin/GNUARM/bin/../lib/gcc/arm-elf/4.0.2/thumb/interwork/libgcc.a(_muldi3.o)
 .debug_line    0x0000066c      0x122 /cygdrive/C/cygwin/GNUARM/bin/../lib/gcc/arm-elf/4.0.2/thumb/interwork/libgcc.a(_divdi3.o)
 .debug_line    0x0000078e       0x48 /cygdrive/C/cygwin/GNUARM/bin/../lib/gcc/arm-elf/4.0.2/thumb/interwork/libgcc.a(_clz.o)
 .debug_line    0x000007d6       0xc3 /cygdrive/C/cygwin/GNUARM/bin/../lib/gcc/arm-elf/4.0.2/../../../../arm-elf/lib/thumb/interwork/libc.a(memcpy.o)
 .debug_line    0x00000899       0xd4 /cygdrive/C/cygwin/GNUARM/bin/../lib/gcc/arm-elf/4.0.2/../../../../arm-elf/lib/thumb/interwork/libc.a(memset.o)
 .debug_line    0x0000096d       0x88 /cygdrive/C/cygwin/GNUARM/bin/../lib/gcc/arm-elf/4.0.2/../../../../arm-elf/lib/thumb/interwork/libc.a(strcmp.o)
 .debug_line    0x000009f5       0x80 /cygdrive/C/cygwin/GNUARM/bin/../lib/gcc/arm-elf/4.0.2/../../../../arm-elf/lib/thumb/interwork/libc.a(strcpy.o)
 .debug_line    0x00000a75       0xaf /cygdrive/C/cygwin/GNUARM/bin/../lib/gcc/arm-elf/4.0.2/../../../../arm-elf/lib/thumb/interwork/libc.a(strlen.o)
 .debug_line    0x00000b24       0xc2 /cygdrive/C/cygwin/GNUARM/bin/../lib/gcc/arm-elf/4.0.2/../../../../arm-elf/lib/thumb/interwork/libc.a(strncpy.o)

.debug_info     0x00000000     0x13e3
 .debug_info    0x00000000       0x6a /cygdrive/C/cygwin/GNUARM/bin/../lib/gcc/arm-elf/4.0.2/thumb/interwork/libgcc.a(_udivsi3.o)
 .debug_info    0x0000006a       0x6a /cygdrive/C/cygwin/GNUARM/bin/../lib/gcc/arm-elf/4.0.2/thumb/interwork/libgcc.a(_divsi3.o)
 .debug_info    0x000000d4       0x6a /cygdrive/C/cygwin/GNUARM/bin/../lib/gcc/arm-elf/4.0.2/thumb/interwork/libgcc.a(_umodsi3.o)
 .debug_info    0x0000013e       0x6a /cygdrive/C/cygwin/GNUARM/bin/../lib/gcc/arm-elf/4.0.2/thumb/interwork/libgcc.a(_modsi3.o)
 .debug_info    0x000001a8       0x6a /cygdrive/C/cygwin/GNUARM/bin/../lib/gcc/arm-elf/4.0.2/thumb/interwork/libgcc.a(_dvmd_tls.o)
 .debug_info    0x00000212       0x69 /cygdrive/C/cygwin/GNUARM/bin/../lib/gcc/arm-elf/4.0.2/thumb/interwork/libgcc.a(_addsubdf3.o)
 .debug_info    0x0000027b       0x69 /cygdrive/C/cygwin/GNUARM/bin/../lib/gcc/arm-elf/4.0.2/thumb/interwork/libgcc.a(_muldivdf3.o)
 .debug_info    0x000002e4       0x69 /cygdrive/C/cygwin/GNUARM/bin/../lib/gcc/arm-elf/4.0.2/thumb/interwork/libgcc.a(_cmpdf2.o)
 .debug_info    0x0000034d       0x69 /cygdrive/C/cygwin/GNUARM/bin/../lib/gcc/arm-elf/4.0.2/thumb/interwork/libgcc.a(_fixdfsi.o)
 .debug_info    0x000003b6      0x20e /cygdrive/C/cygwin/GNUARM/bin/../lib/gcc/arm-elf/4.0.2/thumb/interwork/libgcc.a(_muldi3.o)
 .debug_info    0x000005c4      0x758 /cygdrive/C/cygwin/GNUARM/bin/../lib/gcc/arm-elf/4.0.2/thumb/interwork/libgcc.a(_divdi3.o)
 .debug_info    0x00000d1c       0xc9 /cygdrive/C/cygwin/GNUARM/bin/../lib/gcc/arm-elf/4.0.2/thumb/interwork/libgcc.a(_clz.o)
 .debug_info    0x00000de5      0x10d /cygdrive/C/cygwin/GNUARM/bin/../lib/gcc/arm-elf/4.0.2/../../../../arm-elf/lib/thumb/interwork/libc.a(memcpy.o)
 .debug_info    0x00000ef2      0x111 /cygdrive/C/cygwin/GNUARM/bin/../lib/gcc/arm-elf/4.0.2/../../../../arm-elf/lib/thumb/interwork/libc.a(memset.o)
 .debug_info    0x00001003       0xd9 /cygdrive/C/cygwin/GNUARM/bin/../lib/gcc/arm-elf/4.0.2/../../../../arm-elf/lib/thumb/interwork/libc.a(strcmp.o)
 .debug_info    0x000010dc      0x10c /cygdrive/C/cygwin/GNUARM/bin/../lib/gcc/arm-elf/4.0.2/../../../../arm-elf/lib/thumb/interwork/libc.a(strcpy.o)
 .debug_info    0x000011e8       0xd5 /cygdrive/C/cygwin/GNUARM/bin/../lib/gcc/arm-elf/4.0.2/../../../../arm-elf/lib/thumb/interwork/libc.a(strlen.o)
 .debug_info    0x000012bd      0x126 /cygdrive/C/cygwin/GNUARM/bin/../lib/gcc/arm-elf/4.0.2/../../../../arm-elf/lib/thumb/interwork/libc.a(strncpy.o)

.debug_abbrev   0x00000000      0x6b1
 .debug_abbrev  0x00000000       0x14 /cygdrive/C/cygwin/GNUARM/bin/../lib/gcc/arm-elf/4.0.2/thumb/interwork/libgcc.a(_udivsi3.o)
 .debug_abbrev  0x00000014       0x14 /cygdrive/C/cygwin/GNUARM/bin/../lib/gcc/arm-elf/4.0.2/thumb/interwork/libgcc.a(_divsi3.o)
 .debug_abbrev  0x00000028       0x14 /cygdrive/C/cygwin/GNUARM/bin/../lib/gcc/arm-elf/4.0.2/thumb/interwork/libgcc.a(_umodsi3.o)
 .debug_abbrev  0x0000003c       0x14 /cygdrive/C/cygwin/GNUARM/bin/../lib/gcc/arm-elf/4.0.2/thumb/interwork/libgcc.a(_modsi3.o)
 .debug_abbrev  0x00000050       0x14 /cygdrive/C/cygwin/GNUARM/bin/../lib/gcc/arm-elf/4.0.2/thumb/interwork/libgcc.a(_dvmd_tls.o)
 .debug_abbrev  0x00000064       0x14 /cygdrive/C/cygwin/GNUARM/bin/../lib/gcc/arm-elf/4.0.2/thumb/interwork/libgcc.a(_addsubdf3.o)
 .debug_abbrev  0x00000078       0x14 /cygdrive/C/cygwin/GNUARM/bin/../lib/gcc/arm-elf/4.0.2/thumb/interwork/libgcc.a(_muldivdf3.o)
 .debug_abbrev  0x0000008c       0x14 /cygdrive/C/cygwin/GNUARM/bin/../lib/gcc/arm-elf/4.0.2/thumb/interwork/libgcc.a(_cmpdf2.o)
 .debug_abbrev  0x000000a0       0x14 /cygdrive/C/cygwin/GNUARM/bin/../lib/gcc/arm-elf/4.0.2/thumb/interwork/libgcc.a(_fixdfsi.o)
 .debug_abbrev  0x000000b4       0xec /cygdrive/C/cygwin/GNUARM/bin/../lib/gcc/arm-elf/4.0.2/thumb/interwork/libgcc.a(_muldi3.o)
 .debug_abbrev  0x000001a0      0x174 /cygdrive/C/cygwin/GNUARM/bin/../lib/gcc/arm-elf/4.0.2/thumb/interwork/libgcc.a(_divdi3.o)
 .debug_abbrev  0x00000314       0x61 /cygdrive/C/cygwin/GNUARM/bin/../lib/gcc/arm-elf/4.0.2/thumb/interwork/libgcc.a(_clz.o)
 .debug_abbrev  0x00000375       0x99 /cygdrive/C/cygwin/GNUARM/bin/../lib/gcc/arm-elf/4.0.2/../../../../arm-elf/lib/thumb/interwork/libc.a(memcpy.o)
 .debug_abbrev  0x0000040e       0x9a /cygdrive/C/cygwin/GNUARM/bin/../lib/gcc/arm-elf/4.0.2/../../../../arm-elf/lib/thumb/interwork/libc.a(memset.o)
 .debug_abbrev  0x000004a8       0x71 /cygdrive/C/cygwin/GNUARM/bin/../lib/gcc/arm-elf/4.0.2/../../../../arm-elf/lib/thumb/interwork/libc.a(strcmp.o)
 .debug_abbrev  0x00000519       0x80 /cygdrive/C/cygwin/GNUARM/bin/../lib/gcc/arm-elf/4.0.2/../../../../arm-elf/lib/thumb/interwork/libc.a(strcpy.o)
 .debug_abbrev  0x00000599       0x8b /cygdrive/C/cygwin/GNUARM/bin/../lib/gcc/arm-elf/4.0.2/../../../../arm-elf/lib/thumb/interwork/libc.a(strlen.o)
 .debug_abbrev  0x00000624       0x8d /cygdrive/C/cygwin/GNUARM/bin/../lib/gcc/arm-elf/4.0.2/../../../../arm-elf/lib/thumb/interwork/libc.a(strncpy.o)

.debug_aranges  0x00000000      0x220
 .debug_aranges
                0x00000000       0x20 /cygdrive/C/cygwin/GNUARM/bin/../lib/gcc/arm-elf/4.0.2/thumb/interwork/libgcc.a(_udivsi3.o)
 .debug_aranges
                0x00000020       0x20 /cygdrive/C/cygwin/GNUARM/bin/../lib/gcc/arm-elf/4.0.2/thumb/interwork/libgcc.a(_divsi3.o)
 .debug_aranges
                0x00000040       0x20 /cygdrive/C/cygwin/GNUARM/bin/../lib/gcc/arm-elf/4.0.2/thumb/interwork/libgcc.a(_umodsi3.o)
 .debug_aranges
                0x00000060       0x20 /cygdrive/C/cygwin/GNUARM/bin/../lib/gcc/arm-elf/4.0.2/thumb/interwork/libgcc.a(_modsi3.o)
 .debug_aranges
                0x00000080       0x20 /cygdrive/C/cygwin/GNUARM/bin/../lib/gcc/arm-elf/4.0.2/thumb/interwork/libgcc.a(_dvmd_tls.o)
 .debug_aranges
                0x000000a0       0x20 /cygdrive/C/cygwin/GNUARM/bin/../lib/gcc/arm-elf/4.0.2/thumb/interwork/libgcc.a(_addsubdf3.o)
 .debug_aranges
                0x000000c0       0x20 /cygdrive/C/cygwin/GNUARM/bin/../lib/gcc/arm-elf/4.0.2/thumb/interwork/libgcc.a(_muldivdf3.o)
 .debug_aranges
                0x000000e0       0x20 /cygdrive/C/cygwin/GNUARM/bin/../lib/gcc/arm-elf/4.0.2/thumb/interwork/libgcc.a(_cmpdf2.o)
 .debug_aranges
                0x00000100       0x20 /cygdrive/C/cygwin/GNUARM/bin/../lib/gcc/arm-elf/4.0.2/thumb/interwork/libgcc.a(_fixdfsi.o)
 .debug_aranges
                0x00000120       0x20 /cygdrive/C/cygwin/GNUARM/bin/../lib/gcc/arm-elf/4.0.2/thumb/interwork/libgcc.a(_muldi3.o)
 .debug_aranges
                0x00000140       0x20 /cygdrive/C/cygwin/GNUARM/bin/../lib/gcc/arm-elf/4.0.2/thumb/interwork/libgcc.a(_divdi3.o)
 .debug_aranges
                0x00000160       0x20 /cygdrive/C/cygwin/GNUARM/bin/../lib/gcc/arm-elf/4.0.2/../../../../arm-elf/lib/thumb/interwork/libc.a(memcpy.o)
 .debug_aranges
                0x00000180       0x20 /cygdrive/C/cygwin/GNUARM/bin/../lib/gcc/arm-elf/4.0.2/../../../../arm-elf/lib/thumb/interwork/libc.a(memset.o)
 .debug_aranges
                0x000001a0       0x20 /cygdrive/C/cygwin/GNUARM/bin/../lib/gcc/arm-elf/4.0.2/../../../../arm-elf/lib/thumb/interwork/libc.a(strcmp.o)
 .debug_aranges
                0x000001c0       0x20 /cygdrive/C/cygwin/GNUARM/bin/../lib/gcc/arm-elf/4.0.2/../../../../arm-elf/lib/thumb/interwork/libc.a(strcpy.o)
 .debug_aranges
                0x000001e0       0x20 /cygdrive/C/cygwin/GNUARM/bin/../lib/gcc/arm-elf/4.0.2/../../../../arm-elf/lib/thumb/interwork/libc.a(strlen.o)
 .debug_aranges
                0x00000200       0x20 /cygdrive/C/cygwin/GNUARM/bin/../lib/gcc/arm-elf/4.0.2/../../../../arm-elf/lib/thumb/interwork/libc.a(strncpy.o)

.debug_frame    0x00000000      0x180
 .debug_frame   0x00000000       0x38 /cygdrive/C/cygwin/GNUARM/bin/../lib/gcc/arm-elf/4.0.2/thumb/interwork/libgcc.a(_muldi3.o)
 .debug_frame   0x00000038       0x3c /cygdrive/C/cygwin/GNUARM/bin/../lib/gcc/arm-elf/4.0.2/thumb/interwork/libgcc.a(_divdi3.o)
 .debug_frame   0x00000074       0x2c /cygdrive/C/cygwin/GNUARM/bin/../lib/gcc/arm-elf/4.0.2/../../../../arm-elf/lib/thumb/interwork/libc.a(memcpy.o)
 .debug_frame   0x000000a0       0x2c /cygdrive/C/cygwin/GNUARM/bin/../lib/gcc/arm-elf/4.0.2/../../../../arm-elf/lib/thumb/interwork/libc.a(memset.o)
 .debug_frame   0x000000cc       0x2c /cygdrive/C/cygwin/GNUARM/bin/../lib/gcc/arm-elf/4.0.2/../../../../arm-elf/lib/thumb/interwork/libc.a(strcmp.o)
 .debug_frame   0x000000f8       0x2c /cygdrive/C/cygwin/GNUARM/bin/../lib/gcc/arm-elf/4.0.2/../../../../arm-elf/lib/thumb/interwork/libc.a(strcpy.o)
 .debug_frame   0x00000124       0x2c /cygdrive/C/cygwin/GNUARM/bin/../lib/gcc/arm-elf/4.0.2/../../../../arm-elf/lib/thumb/interwork/libc.a(strlen.o)
 .debug_frame   0x00000150       0x30 /cygdrive/C/cygwin/GNUARM/bin/../lib/gcc/arm-elf/4.0.2/../../../../arm-elf/lib/thumb/interwork/libc.a(strncpy.o)

.debug_loc      0x00000000     0x13c0
 .debug_loc     0x00000000      0x156 /cygdrive/C/cygwin/GNUARM/bin/../lib/gcc/arm-elf/4.0.2/thumb/interwork/libgcc.a(_muldi3.o)
 .debug_loc     0x00000156      0xd45 /cygdrive/C/cygwin/GNUARM/bin/../lib/gcc/arm-elf/4.0.2/thumb/interwork/libgcc.a(_divdi3.o)
 .debug_loc     0x00000e9b      0x127 /cygdrive/C/cygwin/GNUARM/bin/../lib/gcc/arm-elf/4.0.2/../../../../arm-elf/lib/thumb/interwork/libc.a(memcpy.o)
 .debug_loc     0x00000fc2      0x12a /cygdrive/C/cygwin/GNUARM/bin/../lib/gcc/arm-elf/4.0.2/../../../../arm-elf/lib/thumb/interwork/libc.a(memset.o)
 .debug_loc     0x000010ec       0x8e /cygdrive/C/cygwin/GNUARM/bin/../lib/gcc/arm-elf/4.0.2/../../../../arm-elf/lib/thumb/interwork/libc.a(strcmp.o)
 .debug_loc     0x0000117a       0xb4 /cygdrive/C/cygwin/GNUARM/bin/../lib/gcc/arm-elf/4.0.2/../../../../arm-elf/lib/thumb/interwork/libc.a(strcpy.o)
 .debug_loc     0x0000122e       0x3c /cygdrive/C/cygwin/GNUARM/bin/../lib/gcc/arm-elf/4.0.2/../../../../arm-elf/lib/thumb/interwork/libc.a(strlen.o)
 .debug_loc     0x0000126a      0x156 /cygdrive/C/cygwin/GNUARM/bin/../lib/gcc/arm-elf/4.0.2/../../../../arm-elf/lib/thumb/interwork/libc.a(strncpy.o)

.debug_pubnames
                0x00000000      0x10d
 .debug_pubnames
                0x00000000       0x1f /cygdrive/C/cygwin/GNUARM/bin/../lib/gcc/arm-elf/4.0.2/thumb/interwork/libgcc.a(_muldi3.o)
 .debug_pubnames
                0x0000001f       0x1f /cygdrive/C/cygwin/GNUARM/bin/../lib/gcc/arm-elf/4.0.2/thumb/interwork/libgcc.a(_divdi3.o)
 .debug_pubnames
                0x0000003e       0x20 /cygdrive/C/cygwin/GNUARM/bin/../lib/gcc/arm-elf/4.0.2/thumb/interwork/libgcc.a(_clz.o)
 .debug_pubnames
                0x0000005e       0x1d /cygdrive/C/cygwin/GNUARM/bin/../lib/gcc/arm-elf/4.0.2/../../../../arm-elf/lib/thumb/interwork/libc.a(memcpy.o)
 .debug_pubnames
                0x0000007b       0x1d /cygdrive/C/cygwin/GNUARM/bin/../lib/gcc/arm-elf/4.0.2/../../../../arm-elf/lib/thumb/interwork/libc.a(memset.o)
 .debug_pubnames
                0x00000098       0x1d /cygdrive/C/cygwin/GNUARM/bin/../lib/gcc/arm-elf/4.0.2/../../../../arm-elf/lib/thumb/interwork/libc.a(strcmp.o)
 .debug_pubnames
                0x000000b5       0x1d /cygdrive/C/cygwin/GNUARM/bin/../lib/gcc/arm-elf/4.0.2/../../../../arm-elf/lib/thumb/interwork/libc.a(strcpy.o)
 .debug_pubnames
                0x000000d2       0x1d /cygdrive/C/cygwin/GNUARM/bin/../lib/gcc/arm-elf/4.0.2/../../../../arm-elf/lib/thumb/interwork/libc.a(strlen.o)
 .debug_pubnames
                0x000000ef       0x1e /cygdrive/C/cygwin/GNUARM/bin/../lib/gcc/arm-elf/4.0.2/../../../../arm-elf/lib/thumb/interwork/libc.a(strncpy.o)

.debug_ranges   0x00000000      0x1d8
 .debug_ranges  0x00000000       0x30 /cygdrive/C/cygwin/GNUARM/bin/../lib/gcc/arm-elf/4.0.2/thumb/interwork/libgcc.a(_muldi3.o)
 .debug_ranges  0x00000030      0x1a8 /cygdrive/C/cygwin/GNUARM/bin/../lib/gcc/arm-elf/4.0.2/thumb/interwork/libgcc.a(_divdi3.o)

.debug_str      0x00000000      0x38b
 .debug_str     0x00000000       0xfb /cygdrive/C/cygwin/GNUARM/bin/../lib/gcc/arm-elf/4.0.2/thumb/interwork/libgcc.a(_muldi3.o)
                                0x14f (size before relaxing)
 .debug_str     0x000000fb       0x5d /cygdrive/C/cygwin/GNUARM/bin/../lib/gcc/arm-elf/4.0.2/thumb/interwork/libgcc.a(_divdi3.o)
                                0x1a3 (size before relaxing)
 .debug_str     0x00000158        0x0 /cygdrive/C/cygwin/GNUARM/bin/../lib/gcc/arm-elf/4.0.2/thumb/interwork/libgcc.a(_clz.o)
                                0x104 (size before relaxing)
 .debug_str     0x00000158       0xb3 /cygdrive/C/cygwin/GNUARM/bin/../lib/gcc/arm-elf/4.0.2/../../../../arm-elf/lib/thumb/interwork/libc.a(memcpy.o)
                                 0xdf (size before relaxing)
 .debug_str     0x0000020b       0x5a /cygdrive/C/cygwin/GNUARM/bin/../lib/gcc/arm-elf/4.0.2/../../../../arm-elf/lib/thumb/interwork/libc.a(memset.o)
                                0x129 (size before relaxing)
 .debug_str     0x00000265       0x46 /cygdrive/C/cygwin/GNUARM/bin/../lib/gcc/arm-elf/4.0.2/../../../../arm-elf/lib/thumb/interwork/libc.a(strcmp.o)
                                0x10e (size before relaxing)
 .debug_str     0x000002ab       0x46 /cygdrive/C/cygwin/GNUARM/bin/../lib/gcc/arm-elf/4.0.2/../../../../arm-elf/lib/thumb/interwork/libc.a(strcpy.o)
                                0x130 (size before relaxing)
 .debug_str     0x000002f1       0x4c /cygdrive/C/cygwin/GNUARM/bin/../lib/gcc/arm-elf/4.0.2/../../../../arm-elf/lib/thumb/interwork/libc.a(strlen.o)
                                0x128 (size before relaxing)
 .debug_str     0x0000033d       0x4e /cygdrive/C/cygwin/GNUARM/bin/../lib/gcc/arm-elf/4.0.2/../../../../arm-elf/lib/thumb/interwork/libc.a(strncpy.o)
                                0x13f (size before relaxing)

Cross Reference Table

Symbol                                            File
ActivateTask                                      build/kernel/task_manage.o
                                                  build/./kernel_cfg.o
BLUE                                              build/./Driver/kcg_consts.o
                                                  build/./Driver/Driver_Robot.o
CancelAlarm                                       build/kernel/alarm.o
ChainTask                                         build/kernel/task_manage.o
ClearEvent                                        build/kernel/event.o
Ctxt_Driver_Robot                                 build/./Driver/Driver_Robot_context.o
                                                  build/./Driver/Driver_Robot.o
DisableAllInterrupts                              build/kernel/interrupt.o
Driver_Robot                                      build/./Driver/Driver_Robot.o
                                                  build/Driver_glue.o
Driver_init_Robot                                 build/./Driver/Driver_Robot.o
                                                  build/Driver_glue.o
Driver_reset_Robot                                build/./Driver/Driver_Robot.o
EnableAllInterrupts                               build/kernel/interrupt.o
ErrorHook                                         ../../ecrobot/../ecrobot/libecrobot.a(osek_hook.o)
                                                  build/kernel/osctl.o
GetActiveApplicationMode                          build/kernel/osctl.o
GetAlarm                                          build/kernel/alarm.o
GetAlarmBase                                      build/kernel/alarm.o
GetEvent                                          build/kernel/event.o
GetResource                                       build/kernel/resource.o
GetTaskID                                         build/kernel/task_manage.o
GetTaskState                                      build/kernel/task_manage.o
Interrupt                                         build/./Driver/Driver_Robot_inputs.o
                                                  build/./Driver/Driver_Robot.o
Itinerary                                         build/Driver_glue.o
                                                  build/./Driver/Driver_Robot_inputs.o
                                                  build/./Driver/Driver_Robot.o
NXT_COLORSENSOR_PROTOCOLS                         ../../ecrobot/../ecrobot/libecrobot.a(ecrobot_interface.o)
NXT_Entry_Point                                   build/nxt_entry_point.o
                                                  build/nxt_binary_header.o
PostTaskHook                                      ../../ecrobot/../ecrobot/libecrobot.a(osek_hook.o)
                                                  build/config/at91sam7s-gnu/cpu_support.oram
                                                  build/kernel/osctl.o
PreTaskHook                                       ../../ecrobot/../ecrobot/libecrobot.a(osek_hook.o)
                                                  build/config/at91sam7s-gnu/cpu_support.oram
                                                  build/kernel/osctl.o
ReleaseResource                                   build/kernel/resource.o
ResumeAllInterrupts                               build/kernel/interrupt.o
ResumeOSInterrupts                                build/kernel/interrupt.o
RobotStatus                                       build/./Driver/Driver_Robot_outputs.o
                                                  build/./Driver/Driver_Robot.o
RotationalSpeed                                   build/Driver_glue.o
                                                  build/./Driver/Driver_Robot_outputs.o
                                                  build/./Driver/Driver_Robot.o
STOP                                              build/./Driver/kcg_consts.o
                                                  build/./Driver/Driver_Robot.o
Schedule                                          build/kernel/task_manage.o
SensorsData                                       build/Driver_glue.o
                                                  build/./Driver/Driver_Robot_inputs.o
                                                  build/./Driver/Driver_Robot.o
SetAbsAlarm                                       build/kernel/alarm.o
SetEvent                                          build/kernel/event.o
SetRelAlarm                                       build/kernel/alarm.o
ShutdownHook                                      ../../ecrobot/../ecrobot/libecrobot.a(osek_hook.o)
                                                  build/kernel/osctl.o
ShutdownOS                                        build/kernel/osctl.o
                                                  build/Driver_glue.o
SignalCounter                                     build/kernel/alarm.o
                                                  build/Driver_glue.o
StartOS                                           build/kernel/osctl.o
                                                  build/ecrobot.o
StartupHook                                       ../../ecrobot/../ecrobot/libecrobot.a(osek_hook.o)
                                                  build/kernel/osctl.o
SuspendAllInterrupts                              build/kernel/interrupt.o
SuspendOSInterrupts                               build/kernel/interrupt.o
SysTimerCnt                                       build/./kernel_cfg.o
                                                  build/Driver_glue.o
TaskMainTask_Drive                                build/Driver_glue.o
                                                  build/./kernel_cfg.o
TaskMainTask_Ultrasonic                           build/Driver_glue.o
                                                  build/./kernel_cfg.o
Task_Drive                                        build/./kernel_cfg.o
Task_Ultrasonic                                   build/./kernel_cfg.o
TerminateTask                                     build/kernel/task_manage.o
                                                  build/Driver_glue.o
WaitEvent                                         build/kernel/event.o
____adddf3_change_to_arm                          /cygdrive/C/cygwin/GNUARM/bin/../lib/gcc/arm-elf/4.0.2/../../../../arm-elf/lib/thumb/interwork/libc.a(strncpy.o)
____adddf3_from_thumb                             /cygdrive/C/cygwin/GNUARM/bin/../lib/gcc/arm-elf/4.0.2/../../../../arm-elf/lib/thumb/interwork/libc.a(strncpy.o)
____divdf3_change_to_arm                          /cygdrive/C/cygwin/GNUARM/bin/../lib/gcc/arm-elf/4.0.2/../../../../arm-elf/lib/thumb/interwork/libc.a(strncpy.o)
____divdf3_from_thumb                             /cygdrive/C/cygwin/GNUARM/bin/../lib/gcc/arm-elf/4.0.2/../../../../arm-elf/lib/thumb/interwork/libc.a(strncpy.o)
____fixdfsi_change_to_arm                         /cygdrive/C/cygwin/GNUARM/bin/../lib/gcc/arm-elf/4.0.2/../../../../arm-elf/lib/thumb/interwork/libc.a(strncpy.o)
____fixdfsi_from_thumb                            /cygdrive/C/cygwin/GNUARM/bin/../lib/gcc/arm-elf/4.0.2/../../../../arm-elf/lib/thumb/interwork/libc.a(strncpy.o)
____floatsidf_change_to_arm                       /cygdrive/C/cygwin/GNUARM/bin/../lib/gcc/arm-elf/4.0.2/../../../../arm-elf/lib/thumb/interwork/libc.a(strncpy.o)
____floatsidf_from_thumb                          /cygdrive/C/cygwin/GNUARM/bin/../lib/gcc/arm-elf/4.0.2/../../../../arm-elf/lib/thumb/interwork/libc.a(strncpy.o)
____gedf2_change_to_arm                           /cygdrive/C/cygwin/GNUARM/bin/../lib/gcc/arm-elf/4.0.2/../../../../arm-elf/lib/thumb/interwork/libc.a(strncpy.o)
____gedf2_from_thumb                              /cygdrive/C/cygwin/GNUARM/bin/../lib/gcc/arm-elf/4.0.2/../../../../arm-elf/lib/thumb/interwork/libc.a(strncpy.o)
____gtdf2_change_to_arm                           /cygdrive/C/cygwin/GNUARM/bin/../lib/gcc/arm-elf/4.0.2/../../../../arm-elf/lib/thumb/interwork/libc.a(strncpy.o)
____gtdf2_from_thumb                              /cygdrive/C/cygwin/GNUARM/bin/../lib/gcc/arm-elf/4.0.2/../../../../arm-elf/lib/thumb/interwork/libc.a(strncpy.o)
____ltdf2_change_to_arm                           /cygdrive/C/cygwin/GNUARM/bin/../lib/gcc/arm-elf/4.0.2/../../../../arm-elf/lib/thumb/interwork/libc.a(strncpy.o)
____ltdf2_from_thumb                              /cygdrive/C/cygwin/GNUARM/bin/../lib/gcc/arm-elf/4.0.2/../../../../arm-elf/lib/thumb/interwork/libc.a(strncpy.o)
____muldf3_change_to_arm                          /cygdrive/C/cygwin/GNUARM/bin/../lib/gcc/arm-elf/4.0.2/../../../../arm-elf/lib/thumb/interwork/libc.a(strncpy.o)
____muldf3_from_thumb                             /cygdrive/C/cygwin/GNUARM/bin/../lib/gcc/arm-elf/4.0.2/../../../../arm-elf/lib/thumb/interwork/libc.a(strncpy.o)
____subdf3_change_to_arm                          /cygdrive/C/cygwin/GNUARM/bin/../lib/gcc/arm-elf/4.0.2/../../../../arm-elf/lib/thumb/interwork/libc.a(strncpy.o)
____subdf3_from_thumb                             /cygdrive/C/cygwin/GNUARM/bin/../lib/gcc/arm-elf/4.0.2/../../../../arm-elf/lib/thumb/interwork/libc.a(strncpy.o)
__adddf3                                          /cygdrive/C/cygwin/GNUARM/bin/../lib/gcc/arm-elf/4.0.2/thumb/interwork/libgcc.a(_addsubdf3.o)
                                                  build/./Driver/Driver_Robot.o
__aeabi_cdcmpeq                                   /cygdrive/C/cygwin/GNUARM/bin/../lib/gcc/arm-elf/4.0.2/thumb/interwork/libgcc.a(_cmpdf2.o)
__aeabi_cdcmple                                   /cygdrive/C/cygwin/GNUARM/bin/../lib/gcc/arm-elf/4.0.2/thumb/interwork/libgcc.a(_cmpdf2.o)
__aeabi_cdrcmple                                  /cygdrive/C/cygwin/GNUARM/bin/../lib/gcc/arm-elf/4.0.2/thumb/interwork/libgcc.a(_cmpdf2.o)
__aeabi_d2iz                                      /cygdrive/C/cygwin/GNUARM/bin/../lib/gcc/arm-elf/4.0.2/thumb/interwork/libgcc.a(_fixdfsi.o)
__aeabi_dadd                                      /cygdrive/C/cygwin/GNUARM/bin/../lib/gcc/arm-elf/4.0.2/thumb/interwork/libgcc.a(_addsubdf3.o)
__aeabi_dcmpeq                                    /cygdrive/C/cygwin/GNUARM/bin/../lib/gcc/arm-elf/4.0.2/thumb/interwork/libgcc.a(_cmpdf2.o)
__aeabi_dcmpge                                    /cygdrive/C/cygwin/GNUARM/bin/../lib/gcc/arm-elf/4.0.2/thumb/interwork/libgcc.a(_cmpdf2.o)
__aeabi_dcmpgt                                    /cygdrive/C/cygwin/GNUARM/bin/../lib/gcc/arm-elf/4.0.2/thumb/interwork/libgcc.a(_cmpdf2.o)
__aeabi_dcmple                                    /cygdrive/C/cygwin/GNUARM/bin/../lib/gcc/arm-elf/4.0.2/thumb/interwork/libgcc.a(_cmpdf2.o)
__aeabi_dcmplt                                    /cygdrive/C/cygwin/GNUARM/bin/../lib/gcc/arm-elf/4.0.2/thumb/interwork/libgcc.a(_cmpdf2.o)
__aeabi_ddiv                                      /cygdrive/C/cygwin/GNUARM/bin/../lib/gcc/arm-elf/4.0.2/thumb/interwork/libgcc.a(_muldivdf3.o)
__aeabi_dmul                                      /cygdrive/C/cygwin/GNUARM/bin/../lib/gcc/arm-elf/4.0.2/thumb/interwork/libgcc.a(_muldivdf3.o)
__aeabi_drsub                                     /cygdrive/C/cygwin/GNUARM/bin/../lib/gcc/arm-elf/4.0.2/thumb/interwork/libgcc.a(_addsubdf3.o)
__aeabi_dsub                                      /cygdrive/C/cygwin/GNUARM/bin/../lib/gcc/arm-elf/4.0.2/thumb/interwork/libgcc.a(_addsubdf3.o)
__aeabi_f2d                                       /cygdrive/C/cygwin/GNUARM/bin/../lib/gcc/arm-elf/4.0.2/thumb/interwork/libgcc.a(_addsubdf3.o)
__aeabi_i2d                                       /cygdrive/C/cygwin/GNUARM/bin/../lib/gcc/arm-elf/4.0.2/thumb/interwork/libgcc.a(_addsubdf3.o)
__aeabi_idiv0                                     /cygdrive/C/cygwin/GNUARM/bin/../lib/gcc/arm-elf/4.0.2/thumb/interwork/libgcc.a(_dvmd_tls.o)